[0.033s] Invoking command in '/home/userdev/Software_Intro_Task_2026-2027/build/intro_rover_description': CMAKE_PREFIX_PATH=${CMAKE_PREFIX_PATH}:/home/userdev/Software_Intro_Task_2026-2027/install/rover_control:/opt/ros/jazzy /usr/bin/cmake --build /home/userdev/Software_Intro_Task_2026-2027/build/intro_rover_description -- -j8 -l8
[0.409s] Invoked command in '/home/userdev/Software_Intro_Task_2026-2027/build/intro_rover_description' returned '0': CMAKE_PREFIX_PATH=${CMAKE_PREFIX_PATH}:/home/userdev/Software_Intro_Task_2026-2027/install/rover_control:/opt/ros/jazzy /usr/bin/cmake --build /home/userdev/Software_Intro_Task_2026-2027/build/intro_rover_description -- -j8 -l8
[0.427s] Invoking command in '/home/userdev/Software_Intro_Task_2026-2027/build/intro_rover_description': CMAKE_PREFIX_PATH=${CMAKE_PREFIX_PATH}:/home/userdev/Software_Intro_Task_2026-2027/install/rover_control:/opt/ros/jazzy /usr/bin/cmake --install /home/userdev/Software_Intro_Task_2026-2027/build/intro_rover_description
[0.441s] -- Install configuration: ""
[0.442s] -- Execute custom install script
[0.443s] -- Up-to-date symlink: /home/userdev/Software_Intro_Task_2026-2027/install/intro_rover_description/share/intro_rover_description/urdf/intro_rover_description.urdf
[0.443s] -- Up-to-date symlink: /home/userdev/Software_Intro_Task_2026-2027/install/intro_rover_description/share/intro_rover_description/urdf/intro_rover_description_backup.urdf
[0.444s] -- Up-to-date symlink: /home/userdev/Software_Intro_Task_2026-2027/install/intro_rover_description/share/intro_rover_description/urdf/intro_rover_description_before_control.urdf
[0.445s] -- Up-to-date symlink: /home/userdev/Software_Intro_Task_2026-2027/install/intro_rover_description/share/intro_rover_description/meshes/base_link.STL
[0.445s] -- Up-to-date symlink: /home/userdev/Software_Intro_Task_2026-2027/install/intro_rover_description/share/intro_rover_description/meshes/bl_swerve_yaw_link.STL
[0.446s] -- Up-to-date symlink: /home/userdev/Software_Intro_Task_2026-2027/install/intro_rover_description/share/intro_rover_description/meshes/bl_wheel_link.STL
[0.446s] -- Up-to-date symlink: /home/userdev/Software_Intro_Task_2026-2027/install/intro_rover_description/share/intro_rover_description/meshes/br_swerve_yaw_link.STL
[0.446s] -- Up-to-date symlink: /home/userdev/Software_Intro_Task_2026-2027/install/intro_rover_description/share/intro_rover_description/meshes/br_wheel_link.STL
[0.447s] -- Up-to-date symlink: /home/userdev/Software_Intro_Task_2026-2027/install/intro_rover_description/share/intro_rover_description/meshes/elbow_pitch_link.STL
[0.447s] -- Up-to-date symlink: /home/userdev/Software_Intro_Task_2026-2027/install/intro_rover_description/share/intro_rover_description/meshes/elbow_roll_link.STL
[0.447s] -- Up-to-date symlink: /home/userdev/Software_Intro_Task_2026-2027/install/intro_rover_description/share/intro_rover_description/meshes/fl_swerve_yaw_link.STL
[0.448s] -- Up-to-date symlink: /home/userdev/Software_Intro_Task_2026-2027/install/intro_rover_description/share/intro_rover_description/meshes/fl_wheel_link.STL
[0.448s] -- Up-to-date symlink: /home/userdev/Software_Intro_Task_2026-2027/install/intro_rover_description/share/intro_rover_description/meshes/fr_swerve_yaw_link.STL
[0.449s] -- Up-to-date symlink: /home/userdev/Software_Intro_Task_2026-2027/install/intro_rover_description/share/intro_rover_description/meshes/fr_wheel_link.STL
[0.449s] -- Up-to-date symlink: /home/userdev/Software_Intro_Task_2026-2027/install/intro_rover_description/share/intro_rover_description/meshes/shoulder_pitch_link.STL
[0.450s] -- Up-to-date symlink: /home/userdev/Software_Intro_Task_2026-2027/install/intro_rover_description/share/intro_rover_description/meshes/shoulder_yaw_link.STL
[0.450s] -- Up-to-date symlink: /home/userdev/Software_Intro_Task_2026-2027/install/intro_rover_description/share/intro_rover_description/meshes/wrist_pitch_link.STL
[0.450s] -- Up-to-date symlink: /home/userdev/Software_Intro_Task_2026-2027/install/intro_rover_description/share/intro_rover_description/meshes/wrist_roll_link.STL
[0.451s] [33mCMake Warning (dev) at ament_cmake_symlink_install/ament_cmake_symlink_install.cmake:67 (file):
[0.451s]   Policy CMP0009 is not set: FILE GLOB_RECURSE calls should not follow
[0.452s]   symlinks by default.  Run "cmake --help-policy CMP0009" for policy details.
[0.452s]   Use the cmake_policy command to set the policy and suppress this warning.
[0.452s] Call Stack (most recent call first):
[0.453s]   ament_cmake_symlink_install/ament_cmake_symlink_install.cmake:319 (ament_cmake_symlink_install_directory)
[0.453s]   cmake_install.cmake:46 (include)
[0.453s] This warning is for project developers.  Use -Wno-dev to suppress it.
[0.453s] [0m
[0.453s] -- Up-to-date symlink: /home/userdev/Software_Intro_Task_2026-2027/install/intro_rover_description/share/intro_rover_description/launch/build/.built_by
[0.454s] -- Up-to-date symlink: /home/userdev/Software_Intro_Task_2026-2027/install/intro_rover_description/share/intro_rover_description/launch/build/COLCON_IGNORE
[0.455s] -- Up-to-date symlink: /home/userdev/Software_Intro_Task_2026-2027/install/intro_rover_description/share/intro_rover_description/launch/display.launch.py
[0.455s] -- Up-to-date symlink: /home/userdev/Software_Intro_Task_2026-2027/install/intro_rover_description/share/intro_rover_description/launch/gazebo.launch.py
[0.456s] -- Up-to-date symlink: /home/userdev/Software_Intro_Task_2026-2027/install/intro_rover_description/share/intro_rover_description/launch/install/.colcon_install_layout
[0.456s] -- Up-to-date symlink: /home/userdev/Software_Intro_Task_2026-2027/install/intro_rover_description/share/intro_rover_description/launch/install/COLCON_IGNORE
[0.456s] -- Up-to-date symlink: /home/userdev/Software_Intro_Task_2026-2027/install/intro_rover_description/share/intro_rover_description/launch/install/_local_setup_util_sh.py
[0.457s] -- Up-to-date symlink: /home/userdev/Software_Intro_Task_2026-2027/install/intro_rover_description/share/intro_rover_description/launch/install/local_setup.bash
[0.457s] -- Up-to-date symlink: /home/userdev/Software_Intro_Task_2026-2027/install/intro_rover_description/share/intro_rover_description/launch/install/local_setup.sh
[0.458s] -- Up-to-date symlink: /home/userdev/Software_Intro_Task_2026-2027/install/intro_rover_description/share/intro_rover_description/launch/install/local_setup.zsh
[0.458s] -- Up-to-date symlink: /home/userdev/Software_Intro_Task_2026-2027/install/intro_rover_description/share/intro_rover_description/launch/install/setup.bash
[0.458s] -- Up-to-date symlink: /home/userdev/Software_Intro_Task_2026-2027/install/intro_rover_description/share/intro_rover_description/launch/install/setup.sh
[0.458s] -- Up-to-date symlink: /home/userdev/Software_Intro_Task_2026-2027/install/intro_rover_description/share/intro_rover_description/launch/install/setup.zsh
[0.459s] -- Up-to-date symlink: /home/userdev/Software_Intro_Task_2026-2027/install/intro_rover_description/share/intro_rover_description/launch/log/COLCON_IGNORE
[0.459s] -- Up-to-date symlink: /home/userdev/Software_Intro_Task_2026-2027/install/intro_rover_description/share/intro_rover_description/launch/log/build_2026-09-26_16-10-49/events.log
[0.460s] -- Up-to-date symlink: /home/userdev/Software_Intro_Task_2026-2027/install/intro_rover_description/share/intro_rover_description/launch/log/build_2026-09-26_16-10-49/logger_all.log
[0.460s] -- Up-to-date symlink: /home/userdev/Software_Intro_Task_2026-2027/install/intro_rover_description/share/intro_rover_description/launch/log/latest/events.log
[0.460s] -- Up-to-date symlink: /home/userdev/Software_Intro_Task_2026-2027/install/intro_rover_description/share/intro_rover_description/launch/log/latest/logger_all.log
[0.461s] -- Up-to-date symlink: /home/userdev/Software_Intro_Task_2026-2027/install/intro_rover_description/share/intro_rover_description/launch/log/latest_build/events.log
[0.461s] -- Up-to-date symlink: /home/userdev/Software_Intro_Task_2026-2027/install/intro_rover_description/share/intro_rover_description/launch/log/latest_build/logger_all.log
[0.461s] -- Up-to-date symlink: /home/userdev/Software_Intro_Task_2026-2027/install/intro_rover_description/share/intro_rover_description/config/controllers.yaml
[0.462s] -- Up-to-date symlink: /home/userdev/Software_Intro_Task_2026-2027/install/intro_rover_description/share/intro_rover_description/meshes/base_link.STL
[0.462s] -- Up-to-date symlink: /home/userdev/Software_Intro_Task_2026-2027/install/intro_rover_description/share/intro_rover_description/meshes/bl_swerve_yaw_link.STL
[0.463s] -- Up-to-date symlink: /home/userdev/Software_Intro_Task_2026-2027/install/intro_rover_description/share/intro_rover_description/meshes/bl_wheel_link.STL
[0.463s] -- Up-to-date symlink: /home/userdev/Software_Intro_Task_2026-2027/install/intro_rover_description/share/intro_rover_description/meshes/br_swerve_yaw_link.STL
[0.464s] -- Up-to-date symlink: /home/userdev/Software_Intro_Task_2026-2027/install/intro_rover_description/share/intro_rover_description/meshes/br_wheel_link.STL
[0.464s] -- Up-to-date symlink: /home/userdev/Software_Intro_Task_2026-2027/install/intro_rover_description/share/intro_rover_description/meshes/elbow_pitch_link.STL
[0.465s] -- Up-to-date symlink: /home/userdev/Software_Intro_Task_2026-2027/install/intro_rover_description/share/intro_rover_description/meshes/elbow_roll_link.STL
[0.465s] -- Up-to-date symlink: /home/userdev/Software_Intro_Task_2026-2027/install/intro_rover_description/share/intro_rover_description/meshes/fl_swerve_yaw_link.STL
[0.465s] -- Up-to-date symlink: /home/userdev/Software_Intro_Task_2026-2027/install/intro_rover_description/share/intro_rover_description/meshes/fl_wheel_link.STL
[0.466s] -- Up-to-date symlink: /home/userdev/Software_Intro_Task_2026-2027/install/intro_rover_description/share/intro_rover_description/meshes/fr_swerve_yaw_link.STL
[0.466s] -- Up-to-date symlink: /home/userdev/Software_Intro_Task_2026-2027/install/intro_rover_description/share/intro_rover_description/meshes/fr_wheel_link.STL
[0.466s] -- Up-to-date symlink: /home/userdev/Software_Intro_Task_2026-2027/install/intro_rover_description/share/intro_rover_description/meshes/shoulder_pitch_link.STL
[0.467s] -- Up-to-date symlink: /home/userdev/Software_Intro_Task_2026-2027/install/intro_rover_description/share/intro_rover_description/meshes/shoulder_yaw_link.STL
[0.467s] -- Up-to-date symlink: /home/userdev/Software_Intro_Task_2026-2027/install/intro_rover_description/share/intro_rover_description/meshes/wrist_pitch_link.STL
[0.468s] -- Up-to-date symlink: /home/userdev/Software_Intro_Task_2026-2027/install/intro_rover_description/share/intro_rover_description/meshes/wrist_roll_link.STL
[0.468s] -- Up-to-date symlink: /home/userdev/Software_Intro_Task_2026-2027/install/intro_rover_description/share/intro_rover_description/models/intro_rover_description/meshes/base_link.STL
[0.468s] -- Up-to-date symlink: /home/userdev/Software_Intro_Task_2026-2027/install/intro_rover_description/share/intro_rover_description/models/intro_rover_description/meshes/bl_swerve_yaw_link.STL
[0.469s] -- Up-to-date symlink: /home/userdev/Software_Intro_Task_2026-2027/install/intro_rover_description/share/intro_rover_description/models/intro_rover_description/meshes/bl_wheel_link.STL
[0.469s] -- Up-to-date symlink: /home/userdev/Software_Intro_Task_2026-2027/install/intro_rover_description/share/intro_rover_description/models/intro_rover_description/meshes/br_swerve_yaw_link.STL
[0.470s] -- Up-to-date symlink: /home/userdev/Software_Intro_Task_2026-2027/install/intro_rover_description/share/intro_rover_description/models/intro_rover_description/meshes/br_wheel_link.STL
[0.470s] -- Up-to-date symlink: /home/userdev/Software_Intro_Task_2026-2027/install/intro_rover_description/share/intro_rover_description/models/intro_rover_description/meshes/elbow_pitch_link.STL
[0.470s] -- Up-to-date symlink: /home/userdev/Software_Intro_Task_2026-2027/install/intro_rover_description/share/intro_rover_description/models/intro_rover_description/meshes/elbow_roll_link.STL
[0.471s] -- Up-to-date symlink: /home/userdev/Software_Intro_Task_2026-2027/install/intro_rover_description/share/intro_rover_description/models/intro_rover_description/meshes/fl_swerve_yaw_link.STL
[0.471s] -- Up-to-date symlink: /home/userdev/Software_Intro_Task_2026-2027/install/intro_rover_description/share/intro_rover_description/models/intro_rover_description/meshes/fl_wheel_link.STL
[0.472s] -- Up-to-date symlink: /home/userdev/Software_Intro_Task_2026-2027/install/intro_rover_description/share/intro_rover_description/models/intro_rover_description/meshes/fr_swerve_yaw_link.STL
[0.472s] -- Up-to-date symlink: /home/userdev/Software_Intro_Task_2026-2027/install/intro_rover_description/share/intro_rover_description/models/intro_rover_description/meshes/fr_wheel_link.STL
[0.472s] -- Up-to-date symlink: /home/userdev/Software_Intro_Task_2026-2027/install/intro_rover_description/share/intro_rover_description/models/intro_rover_description/meshes/shoulder_pitch_link.STL
[0.472s] -- Up-to-date symlink: /home/userdev/Software_Intro_Task_2026-2027/install/intro_rover_description/share/intro_rover_description/models/intro_rover_description/meshes/shoulder_yaw_link.STL
[0.473s] -- Up-to-date symlink: /home/userdev/Software_Intro_Task_2026-2027/install/intro_rover_description/share/intro_rover_description/models/intro_rover_description/meshes/wrist_pitch_link.STL
[0.473s] -- Up-to-date symlink: /home/userdev/Software_Intro_Task_2026-2027/install/intro_rover_description/share/intro_rover_description/models/intro_rover_description/meshes/wrist_roll_link.STL
[0.474s] -- Up-to-date symlink: /home/userdev/Software_Intro_Task_2026-2027/install/intro_rover_description/share/intro_rover_description/models/intro_rover_description/model.config
[0.475s] -- Up-to-date symlink: /home/userdev/Software_Intro_Task_2026-2027/install/intro_rover_description/share/ament_index/resource_index/package_run_dependencies/intro_rover_description
[0.475s] -- Up-to-date symlink: /home/userdev/Software_Intro_Task_2026-2027/install/intro_rover_description/share/ament_index/resource_index/parent_prefix_path/intro_rover_description
[0.476s] -- Up-to-date symlink: /home/userdev/Software_Intro_Task_2026-2027/install/intro_rover_description/share/intro_rover_description/environment/ament_prefix_path.sh
[0.477s] -- Up-to-date symlink: /home/userdev/Software_Intro_Task_2026-2027/install/intro_rover_description/share/intro_rover_description/environment/ament_prefix_path.dsv
[0.477s] -- Up-to-date symlink: /home/userdev/Software_Intro_Task_2026-2027/install/intro_rover_description/share/intro_rover_description/environment/path.sh
[0.478s] -- Up-to-date symlink: /home/userdev/Software_Intro_Task_2026-2027/install/intro_rover_description/share/intro_rover_description/environment/path.dsv
[0.478s] -- Up-to-date symlink: /home/userdev/Software_Intro_Task_2026-2027/install/intro_rover_description/share/intro_rover_description/local_setup.bash
[0.479s] -- Up-to-date symlink: /home/userdev/Software_Intro_Task_2026-2027/install/intro_rover_description/share/intro_rover_description/local_setup.sh
[0.479s] -- Up-to-date symlink: /home/userdev/Software_Intro_Task_2026-2027/install/intro_rover_description/share/intro_rover_description/local_setup.zsh
[0.480s] -- Up-to-date symlink: /home/userdev/Software_Intro_Task_2026-2027/install/intro_rover_description/share/intro_rover_description/local_setup.dsv
[0.480s] -- Symlinking: /home/userdev/Software_Intro_Task_2026-2027/install/intro_rover_description/share/intro_rover_description/package.dsv
[0.501s] -- Up-to-date symlink: /home/userdev/Software_Intro_Task_2026-2027/install/intro_rover_description/share/ament_index/resource_index/packages/intro_rover_description
[0.501s] -- Up-to-date symlink: /home/userdev/Software_Intro_Task_2026-2027/install/intro_rover_description/share/intro_rover_description/cmake/intro_rover_descriptionConfig.cmake
[0.502s] -- Up-to-date symlink: /home/userdev/Software_Intro_Task_2026-2027/install/intro_rover_description/share/intro_rover_description/cmake/intro_rover_descriptionConfig-version.cmake
[0.502s] -- Up-to-date symlink: /home/userdev/Software_Intro_Task_2026-2027/install/intro_rover_description/share/intro_rover_description/package.xml
[0.507s] Invoked command in '/home/userdev/Software_Intro_Task_2026-2027/build/intro_rover_description' returned '0': CMAKE_PREFIX_PATH=${CMAKE_PREFIX_PATH}:/home/userdev/Software_Intro_Task_2026-2027/install/rover_control:/opt/ros/jazzy /usr/bin/cmake --install /home/userdev/Software_Intro_Task_2026-2027/build/intro_rover_description
