[0.193s] DEBUG:colcon:Command line arguments: ['/usr/bin/colcon', 'build', '--symlink-install']
[0.193s] DEBUG:colcon:Parsed command line arguments: Namespace(log_base=None, log_level=None, verb_name='build', build_base='build', install_base='install', merge_install=False, symlink_install=True, test_result_base=None, continue_on_error=False, executor='parallel', parallel_workers=8, event_handlers=None, ignore_user_meta=False, metas=['./colcon.meta'], base_paths=['.'], packages_ignore=None, packages_ignore_regex=None, paths=None, packages_up_to=None, packages_up_to_regex=None, packages_above=None, packages_above_and_dependencies=None, packages_above_depth=None, packages_select_by_dep=None, packages_skip_by_dep=None, packages_skip_up_to=None, packages_select_build_failed=False, packages_skip_build_finished=False, packages_select_test_failures=False, packages_skip_test_passed=False, packages_select=None, packages_skip=None, packages_select_regex=None, packages_skip_regex=None, packages_start=None, packages_end=None, cmake_args=None, cmake_target=None, cmake_target_skip_unavailable=False, cmake_clean_cache=False, cmake_clean_first=False, cmake_force_configure=False, ament_cmake_args=None, catkin_cmake_args=None, catkin_skip_building_tests=False, verb_parser=<colcon_defaults.argument_parser.defaults.DefaultArgumentsDecorator object at 0x7cb116306ab0>, verb_extension=<colcon_core.verb.build.BuildVerb object at 0x7cb1163067e0>, main=<bound method BuildVerb.main of <colcon_core.verb.build.BuildVerb object at 0x7cb1163067e0>>)
[0.254s] Level 1:colcon.colcon_core.package_discovery:discover_packages(colcon_meta) check parameters
[0.254s] Level 1:colcon.colcon_core.package_discovery:discover_packages(recursive) check parameters
[0.254s] Level 1:colcon.colcon_core.package_discovery:discover_packages(ignore) check parameters
[0.254s] Level 1:colcon.colcon_core.package_discovery:discover_packages(path) check parameters
[0.254s] Level 1:colcon.colcon_core.package_discovery:discover_packages(colcon_meta) discover
[0.254s] Level 1:colcon.colcon_core.package_discovery:discover_packages(recursive) discover
[0.254s] INFO:colcon.colcon_core.package_discovery:Crawling recursively for packages in '/home/userdev/Software_Intro_Task_2026-2027'
[0.255s] Level 1:colcon.colcon_core.package_identification:_identify(.) by extensions ['ignore', 'ignore_ament_install']
[0.255s] Level 1:colcon.colcon_core.package_identification:_identify(.) by extension 'ignore'
[0.255s] Level 1:colcon.colcon_core.package_identification:_identify(.) by extension 'ignore_ament_install'
[0.255s] Level 1:colcon.colcon_core.package_identification:_identify(.) by extensions ['colcon_pkg']
[0.255s] Level 1:colcon.colcon_core.package_identification:_identify(.) by extension 'colcon_pkg'
[0.255s] Level 1:colcon.colcon_core.package_identification:_identify(.) by extensions ['colcon_meta']
[0.255s] Level 1:colcon.colcon_core.package_identification:_identify(.) by extension 'colcon_meta'
[0.256s] Level 1:colcon.colcon_core.package_identification:_identify(.) by extensions ['ros']
[0.256s] Level 1:colcon.colcon_core.package_identification:_identify(.) by extension 'ros'
[0.291s] Level 1:colcon.colcon_core.package_identification:_identify(.) by extensions ['cmake', 'python']
[0.291s] Level 1:colcon.colcon_core.package_identification:_identify(.) by extension 'cmake'
[0.291s] Level 1:colcon.colcon_core.package_identification:_identify(.) by extension 'python'
[0.291s] Level 1:colcon.colcon_core.package_identification:_identify(.) by extensions ['python_setup_py']
[0.291s] Level 1:colcon.colcon_core.package_identification:_identify(.) by extension 'python_setup_py'
[0.291s] Level 1:colcon.colcon_core.package_identification:_identify(build) by extensions ['ignore', 'ignore_ament_install']
[0.291s] Level 1:colcon.colcon_core.package_identification:_identify(build) by extension 'ignore'
[0.292s] Level 1:colcon.colcon_core.package_identification:_identify(build) ignored
[0.292s] Level 1:colcon.colcon_core.package_identification:_identify(install) by extensions ['ignore', 'ignore_ament_install']
[0.292s] Level 1:colcon.colcon_core.package_identification:_identify(install) by extension 'ignore'
[0.292s] Level 1:colcon.colcon_core.package_identification:_identify(install) ignored
[0.292s] Level 1:colcon.colcon_core.package_identification:_identify(log) by extensions ['ignore', 'ignore_ament_install']
[0.292s] Level 1:colcon.colcon_core.package_identification:_identify(log) by extension 'ignore'
[0.292s] Level 1:colcon.colcon_core.package_identification:_identify(log) ignored
[0.293s] Level 1:colcon.colcon_core.package_identification:_identify(src) by extensions ['ignore', 'ignore_ament_install']
[0.293s] Level 1:colcon.colcon_core.package_identification:_identify(src) by extension 'ignore'
[0.293s] Level 1:colcon.colcon_core.package_identification:_identify(src) by extension 'ignore_ament_install'
[0.293s] Level 1:colcon.colcon_core.package_identification:_identify(src) by extensions ['colcon_pkg']
[0.293s] Level 1:colcon.colcon_core.package_identification:_identify(src) by extension 'colcon_pkg'
[0.293s] Level 1:colcon.colcon_core.package_identification:_identify(src) by extensions ['colcon_meta']
[0.293s] Level 1:colcon.colcon_core.package_identification:_identify(src) by extension 'colcon_meta'
[0.293s] Level 1:colcon.colcon_core.package_identification:_identify(src) by extensions ['ros']
[0.293s] Level 1:colcon.colcon_core.package_identification:_identify(src) by extension 'ros'
[0.293s] Level 1:colcon.colcon_core.package_identification:_identify(src) by extensions ['cmake', 'python']
[0.293s] Level 1:colcon.colcon_core.package_identification:_identify(src) by extension 'cmake'
[0.294s] Level 1:colcon.colcon_core.package_identification:_identify(src) by extension 'python'
[0.294s] Level 1:colcon.colcon_core.package_identification:_identify(src) by extensions ['python_setup_py']
[0.294s] Level 1:colcon.colcon_core.package_identification:_identify(src) by extension 'python_setup_py'
[0.294s] Level 1:colcon.colcon_core.package_identification:_identify(src/intro_rover_description) by extensions ['ignore', 'ignore_ament_install']
[0.294s] Level 1:colcon.colcon_core.package_identification:_identify(src/intro_rover_description) by extension 'ignore'
[0.294s] Level 1:colcon.colcon_core.package_identification:_identify(src/intro_rover_description) by extension 'ignore_ament_install'
[0.294s] Level 1:colcon.colcon_core.package_identification:_identify(src/intro_rover_description) by extensions ['colcon_pkg']
[0.294s] Level 1:colcon.colcon_core.package_identification:_identify(src/intro_rover_description) by extension 'colcon_pkg'
[0.294s] Level 1:colcon.colcon_core.package_identification:_identify(src/intro_rover_description) by extensions ['colcon_meta']
[0.294s] Level 1:colcon.colcon_core.package_identification:_identify(src/intro_rover_description) by extension 'colcon_meta'
[0.295s] Level 1:colcon.colcon_core.package_identification:_identify(src/intro_rover_description) by extensions ['ros']
[0.295s] Level 1:colcon.colcon_core.package_identification:_identify(src/intro_rover_description) by extension 'ros'
[0.298s] DEBUG:colcon.colcon_core.package_identification:Package 'src/intro_rover_description' with type 'ros.ament_cmake' and name 'intro_rover_description'
[0.299s] Level 1:colcon.colcon_core.package_identification:_identify(src/rover_control) by extensions ['ignore', 'ignore_ament_install']
[0.299s] Level 1:colcon.colcon_core.package_identification:_identify(src/rover_control) by extension 'ignore'
[0.299s] Level 1:colcon.colcon_core.package_identification:_identify(src/rover_control) by extension 'ignore_ament_install'
[0.299s] Level 1:colcon.colcon_core.package_identification:_identify(src/rover_control) by extensions ['colcon_pkg']
[0.299s] Level 1:colcon.colcon_core.package_identification:_identify(src/rover_control) by extension 'colcon_pkg'
[0.299s] Level 1:colcon.colcon_core.package_identification:_identify(src/rover_control) by extensions ['colcon_meta']
[0.299s] Level 1:colcon.colcon_core.package_identification:_identify(src/rover_control) by extension 'colcon_meta'
[0.299s] Level 1:colcon.colcon_core.package_identification:_identify(src/rover_control) by extensions ['ros']
[0.299s] Level 1:colcon.colcon_core.package_identification:_identify(src/rover_control) by extension 'ros'
[0.300s] DEBUG:colcon.colcon_core.package_identification:Package 'src/rover_control' with type 'ros.ament_python' and name 'rover_control'
[0.300s] Level 1:colcon.colcon_core.package_discovery:discover_packages(recursive) using defaults
[0.300s] Level 1:colcon.colcon_core.package_discovery:discover_packages(ignore) discover
[0.300s] Level 1:colcon.colcon_core.package_discovery:discover_packages(ignore) using defaults
[0.301s] Level 1:colcon.colcon_core.package_discovery:discover_packages(path) discover
[0.301s] Level 1:colcon.colcon_core.package_discovery:discover_packages(path) using defaults
[0.325s] Level 5:colcon.colcon_core.verb:set package 'intro_rover_description' build argument 'cmake_args' from command line to 'None'
[0.325s] Level 5:colcon.colcon_core.verb:set package 'intro_rover_description' build argument 'cmake_target' from command line to 'None'
[0.325s] Level 5:colcon.colcon_core.verb:set package 'intro_rover_description' build argument 'cmake_target_skip_unavailable' from command line to 'False'
[0.325s] Level 5:colcon.colcon_core.verb:set package 'intro_rover_description' build argument 'cmake_clean_cache' from command line to 'False'
[0.325s] Level 5:colcon.colcon_core.verb:set package 'intro_rover_description' build argument 'cmake_clean_first' from command line to 'False'
[0.325s] Level 5:colcon.colcon_core.verb:set package 'intro_rover_description' build argument 'cmake_force_configure' from command line to 'False'
[0.325s] Level 5:colcon.colcon_core.verb:set package 'intro_rover_description' build argument 'ament_cmake_args' from command line to 'None'
[0.325s] Level 5:colcon.colcon_core.verb:set package 'intro_rover_description' build argument 'catkin_cmake_args' from command line to 'None'
[0.325s] Level 5:colcon.colcon_core.verb:set package 'intro_rover_description' build argument 'catkin_skip_building_tests' from command line to 'False'
[0.325s] DEBUG:colcon.colcon_core.verb:Building package 'intro_rover_description' with the following arguments: {'ament_cmake_args': None, 'build_base': '/home/userdev/Software_Intro_Task_2026-2027/build/intro_rover_description', 'catkin_cmake_args': None, 'catkin_skip_building_tests': False, 'cmake_args': None, 'cmake_clean_cache': False, 'cmake_clean_first': False, 'cmake_force_configure': False, 'cmake_target': None, 'cmake_target_skip_unavailable': False, 'install_base': '/home/userdev/Software_Intro_Task_2026-2027/install/intro_rover_description', 'merge_install': False, 'path': '/home/userdev/Software_Intro_Task_2026-2027/src/intro_rover_description', 'symlink_install': True, 'test_result_base': None}
[0.326s] Level 5:colcon.colcon_core.verb:set package 'rover_control' build argument 'cmake_args' from command line to 'None'
[0.326s] Level 5:colcon.colcon_core.verb:set package 'rover_control' build argument 'cmake_target' from command line to 'None'
[0.326s] Level 5:colcon.colcon_core.verb:set package 'rover_control' build argument 'cmake_target_skip_unavailable' from command line to 'False'
[0.326s] Level 5:colcon.colcon_core.verb:set package 'rover_control' build argument 'cmake_clean_cache' from command line to 'False'
[0.326s] Level 5:colcon.colcon_core.verb:set package 'rover_control' build argument 'cmake_clean_first' from command line to 'False'
[0.326s] Level 5:colcon.colcon_core.verb:set package 'rover_control' build argument 'cmake_force_configure' from command line to 'False'
[0.326s] Level 5:colcon.colcon_core.verb:set package 'rover_control' build argument 'ament_cmake_args' from command line to 'None'
[0.326s] Level 5:colcon.colcon_core.verb:set package 'rover_control' build argument 'catkin_cmake_args' from command line to 'None'
[0.326s] Level 5:colcon.colcon_core.verb:set package 'rover_control' build argument 'catkin_skip_building_tests' from command line to 'False'
[0.326s] DEBUG:colcon.colcon_core.verb:Building package 'rover_control' with the following arguments: {'ament_cmake_args': None, 'build_base': '/home/userdev/Software_Intro_Task_2026-2027/build/rover_control', 'catkin_cmake_args': None, 'catkin_skip_building_tests': False, 'cmake_args': None, 'cmake_clean_cache': False, 'cmake_clean_first': False, 'cmake_force_configure': False, 'cmake_target': None, 'cmake_target_skip_unavailable': False, 'install_base': '/home/userdev/Software_Intro_Task_2026-2027/install/rover_control', 'merge_install': False, 'path': '/home/userdev/Software_Intro_Task_2026-2027/src/rover_control', 'symlink_install': True, 'test_result_base': None}
[0.326s] INFO:colcon.colcon_core.executor:Executing jobs using 'parallel' executor
[0.327s] DEBUG:colcon.colcon_parallel_executor.executor.parallel:run_until_complete
[0.328s] INFO:colcon.colcon_ros.task.ament_cmake.build:Building ROS package in '/home/userdev/Software_Intro_Task_2026-2027/src/intro_rover_description' with build type 'ament_cmake'
[0.328s] INFO:colcon.colcon_cmake.task.cmake.build:Building CMake package in '/home/userdev/Software_Intro_Task_2026-2027/src/intro_rover_description'
[0.332s] INFO:colcon.colcon_core.plugin_system:Skipping extension 'colcon_core.shell.bat': Not used on non-Windows systems
[0.332s] DEBUG:colcon.colcon_core.shell:Skip shell extension 'dsv' for command environment
[0.339s] INFO:colcon.colcon_ros.task.ament_python.build:Building ROS package in '/home/userdev/Software_Intro_Task_2026-2027/src/rover_control' with build type 'ament_python'
[0.339s] Level 1:colcon.colcon_core.shell:create_environment_hook('rover_control', 'ament_prefix_path')
[0.340s] INFO:colcon.colcon_core.shell:Creating environment descriptor '/home/userdev/Software_Intro_Task_2026-2027/install/rover_control/share/rover_control/hook/ament_prefix_path.dsv'
[0.341s] INFO:colcon.colcon_core.shell:Creating environment hook '/home/userdev/Software_Intro_Task_2026-2027/install/rover_control/share/rover_control/hook/ament_prefix_path.sh'
[0.342s] DEBUG:colcon.colcon_core.shell:Skip shell extension 'dsv' for command environment
[0.362s] DEBUG:colcon.colcon_core.event_handler.log_command:Invoking command in '/home/userdev/Software_Intro_Task_2026-2027/build/intro_rover_description': CMAKE_PREFIX_PATH=${CMAKE_PREFIX_PATH}:/home/userdev/Software_Intro_Task_2026-2027/install/rover_control:/opt/ros/jazzy /usr/bin/cmake --build /home/userdev/Software_Intro_Task_2026-2027/build/intro_rover_description -- -j8 -l8
[0.729s] INFO:colcon.colcon_core.task.python.build:Building Python package in '/home/userdev/Software_Intro_Task_2026-2027/src/rover_control'
[0.730s] DEBUG:colcon.colcon_core.shell:Skip shell extension 'dsv' for command environment
[0.738s] DEBUG:colcon.colcon_core.event_handler.log_command:Invoked command in '/home/userdev/Software_Intro_Task_2026-2027/build/intro_rover_description' returned '0': CMAKE_PREFIX_PATH=${CMAKE_PREFIX_PATH}:/home/userdev/Software_Intro_Task_2026-2027/install/rover_control:/opt/ros/jazzy /usr/bin/cmake --build /home/userdev/Software_Intro_Task_2026-2027/build/intro_rover_description -- -j8 -l8
[0.757s] DEBUG:colcon.colcon_core.event_handler.log_command:Invoking command in '/home/userdev/Software_Intro_Task_2026-2027/build/intro_rover_description': CMAKE_PREFIX_PATH=${CMAKE_PREFIX_PATH}:/home/userdev/Software_Intro_Task_2026-2027/install/rover_control:/opt/ros/jazzy /usr/bin/cmake --install /home/userdev/Software_Intro_Task_2026-2027/build/intro_rover_description
[0.834s] Level 1:colcon.colcon_core.environment:create_environment_scripts_only(intro_rover_description)
[0.836s] DEBUG:colcon.colcon_core.event_handler.log_command:Invoked command in '/home/userdev/Software_Intro_Task_2026-2027/build/intro_rover_description' returned '0': CMAKE_PREFIX_PATH=${CMAKE_PREFIX_PATH}:/home/userdev/Software_Intro_Task_2026-2027/install/rover_control:/opt/ros/jazzy /usr/bin/cmake --install /home/userdev/Software_Intro_Task_2026-2027/build/intro_rover_description
[0.840s] Level 1:colcon.colcon_core.environment:checking '/home/userdev/Software_Intro_Task_2026-2027/install/intro_rover_description' for CMake module files
[0.842s] Level 1:colcon.colcon_core.environment:checking '/home/userdev/Software_Intro_Task_2026-2027/install/intro_rover_description' for CMake config files
[0.843s] Level 1:colcon.colcon_core.shell:create_environment_hook('intro_rover_description', 'cmake_prefix_path')
[0.843s] INFO:colcon.colcon_core.shell:Creating environment descriptor '/home/userdev/Software_Intro_Task_2026-2027/install/intro_rover_description/share/intro_rover_description/hook/cmake_prefix_path.dsv'
[0.844s] INFO:colcon.colcon_core.shell:Creating environment hook '/home/userdev/Software_Intro_Task_2026-2027/install/intro_rover_description/share/intro_rover_description/hook/cmake_prefix_path.sh'
[0.845s] Level 1:colcon.colcon_core.environment:checking '/home/userdev/Software_Intro_Task_2026-2027/install/intro_rover_description/bin'
[0.846s] Level 1:colcon.colcon_core.environment:checking '/home/userdev/Software_Intro_Task_2026-2027/install/intro_rover_description/lib/pkgconfig/intro_rover_description.pc'
[0.846s] Level 1:colcon.colcon_core.environment:checking '/home/userdev/Software_Intro_Task_2026-2027/install/intro_rover_description/lib/python3.12/site-packages'
[0.847s] Level 1:colcon.colcon_core.environment:checking '/home/userdev/Software_Intro_Task_2026-2027/install/intro_rover_description/bin'
[0.847s] INFO:colcon.colcon_core.shell:Creating package descriptor '/home/userdev/Software_Intro_Task_2026-2027/install/intro_rover_description/share/intro_rover_description/package.dsv'
[0.848s] INFO:colcon.colcon_core.shell:Creating package script '/home/userdev/Software_Intro_Task_2026-2027/install/intro_rover_description/share/intro_rover_description/package.sh'
[0.849s] INFO:colcon.colcon_core.shell:Creating package script '/home/userdev/Software_Intro_Task_2026-2027/install/intro_rover_description/share/intro_rover_description/package.bash'
[0.851s] INFO:colcon.colcon_core.shell:Creating package script '/home/userdev/Software_Intro_Task_2026-2027/install/intro_rover_description/share/intro_rover_description/package.zsh'
[0.852s] Level 1:colcon.colcon_core.environment:create_file_with_runtime_dependencies(/home/userdev/Software_Intro_Task_2026-2027/install/intro_rover_description/share/colcon-core/packages/intro_rover_description)
[0.854s] Level 1:colcon.colcon_core.environment:create_environment_scripts_only(intro_rover_description)
[0.854s] Level 1:colcon.colcon_core.environment:checking '/home/userdev/Software_Intro_Task_2026-2027/install/intro_rover_description' for CMake module files
[0.855s] Level 1:colcon.colcon_core.environment:checking '/home/userdev/Software_Intro_Task_2026-2027/install/intro_rover_description' for CMake config files
[0.856s] Level 1:colcon.colcon_core.shell:create_environment_hook('intro_rover_description', 'cmake_prefix_path')
[0.856s] INFO:colcon.colcon_core.shell:Creating environment descriptor '/home/userdev/Software_Intro_Task_2026-2027/install/intro_rover_description/share/intro_rover_description/hook/cmake_prefix_path.dsv'
[0.857s] INFO:colcon.colcon_core.shell:Creating environment hook '/home/userdev/Software_Intro_Task_2026-2027/install/intro_rover_description/share/intro_rover_description/hook/cmake_prefix_path.sh'
[0.858s] Level 1:colcon.colcon_core.environment:checking '/home/userdev/Software_Intro_Task_2026-2027/install/intro_rover_description/bin'
[0.858s] Level 1:colcon.colcon_core.environment:checking '/home/userdev/Software_Intro_Task_2026-2027/install/intro_rover_description/lib/pkgconfig/intro_rover_description.pc'
[0.858s] Level 1:colcon.colcon_core.environment:checking '/home/userdev/Software_Intro_Task_2026-2027/install/intro_rover_description/lib/python3.12/site-packages'
[0.859s] Level 1:colcon.colcon_core.environment:checking '/home/userdev/Software_Intro_Task_2026-2027/install/intro_rover_description/bin'
[0.860s] INFO:colcon.colcon_core.shell:Creating package descriptor '/home/userdev/Software_Intro_Task_2026-2027/install/intro_rover_description/share/intro_rover_description/package.dsv'
[0.860s] INFO:colcon.colcon_core.shell:Creating package script '/home/userdev/Software_Intro_Task_2026-2027/install/intro_rover_description/share/intro_rover_description/package.sh'
[0.861s] INFO:colcon.colcon_core.shell:Creating package script '/home/userdev/Software_Intro_Task_2026-2027/install/intro_rover_description/share/intro_rover_description/package.bash'
[0.862s] INFO:colcon.colcon_core.shell:Creating package script '/home/userdev/Software_Intro_Task_2026-2027/install/intro_rover_description/share/intro_rover_description/package.zsh'
[0.863s] Level 1:colcon.colcon_core.environment:create_file_with_runtime_dependencies(/home/userdev/Software_Intro_Task_2026-2027/install/intro_rover_description/share/colcon-core/packages/intro_rover_description)
[1.846s] DEBUG:colcon.colcon_core.task.python.build:Available setuptools commands: editable_wheel, alias, update_catalog, sdist, dist_info, clean, egg_info, check, install_egg_info, upload_docs, bdist_rpm, install_data, compile_catalog, develop, install, build_clib, rotate, build_scripts, saveopts, bdist, install_headers, build, extract_messages, install_lib, upload, symlink_data, build_ext, install_scripts, bdist_dumb, bdist_egg, test, setopt, register, easy_install, build_py, init_catalog
[2.402s] DEBUG:colcon.colcon_core.task.python.build:Available setuptools 'develop' options: --version, --record, --egg-path, --find-links, --always-copy, --upgrade, --no-deps, --install-layout, --force-installation-into-system-dir, --prefix, --zip-ok, --site-dirs, --local-snapshots-ok, --quiet, --no-find-links, --dry-run, --exclude-scripts, --index-url, --build-directory, --uninstall, --no-user-cfg, --optimize, --editable, --help, --user, --multi-version, --verbose, --script-dir, --allow-hosts, --install-dir, --always-unzip
[2.405s] DEBUG:colcon.colcon_core.event_handler.log_command:Invoking command in '/home/userdev/Software_Intro_Task_2026-2027/build/rover_control': PYTHONPATH=/home/userdev/Software_Intro_Task_2026-2027/build/rover_control/prefix_override:/usr/lib/python3/dist-packages/colcon_core/task/python/colcon_distutils_commands:/home/userdev/Software_Intro_Task_2026-2027/install/rover_control/lib/python3.12/site-packages:${PYTHONPATH} /usr/bin/python3 -W ignore:setup.py install is deprecated -W ignore:easy_install command is deprecated setup.py develop --editable --build-directory /home/userdev/Software_Intro_Task_2026-2027/build/rover_control/build --no-deps symlink_data
[3.453s] Level 1:colcon.colcon_core.shell:create_environment_hook('rover_control', 'pythonpath_develop')
[3.453s] INFO:colcon.colcon_core.shell:Creating environment descriptor '/home/userdev/Software_Intro_Task_2026-2027/build/rover_control/share/rover_control/hook/pythonpath_develop.dsv'
[3.455s] DEBUG:colcon.colcon_core.event_handler.log_command:Invoked command in '/home/userdev/Software_Intro_Task_2026-2027/build/rover_control' returned '0': PYTHONPATH=/home/userdev/Software_Intro_Task_2026-2027/build/rover_control/prefix_override:/usr/lib/python3/dist-packages/colcon_core/task/python/colcon_distutils_commands:/home/userdev/Software_Intro_Task_2026-2027/install/rover_control/lib/python3.12/site-packages:${PYTHONPATH} /usr/bin/python3 -W ignore:setup.py install is deprecated -W ignore:easy_install command is deprecated setup.py develop --editable --build-directory /home/userdev/Software_Intro_Task_2026-2027/build/rover_control/build --no-deps symlink_data
[3.455s] INFO:colcon.colcon_core.shell:Creating environment hook '/home/userdev/Software_Intro_Task_2026-2027/build/rover_control/share/rover_control/hook/pythonpath_develop.sh'
[3.456s] Level 1:colcon.colcon_core.environment:checking '/home/userdev/Software_Intro_Task_2026-2027/install/rover_control' for CMake module files
[3.456s] Level 1:colcon.colcon_core.environment:checking '/home/userdev/Software_Intro_Task_2026-2027/install/rover_control' for CMake config files
[3.457s] Level 1:colcon.colcon_core.environment:checking '/home/userdev/Software_Intro_Task_2026-2027/install/rover_control/lib'
[3.457s] Level 1:colcon.colcon_core.environment:checking '/home/userdev/Software_Intro_Task_2026-2027/install/rover_control/bin'
[3.457s] Level 1:colcon.colcon_core.environment:checking '/home/userdev/Software_Intro_Task_2026-2027/install/rover_control/lib/pkgconfig/rover_control.pc'
[3.458s] Level 1:colcon.colcon_core.environment:checking '/home/userdev/Software_Intro_Task_2026-2027/install/rover_control/lib/python3.12/site-packages'
[3.458s] Level 1:colcon.colcon_core.shell:create_environment_hook('rover_control', 'pythonpath')
[3.458s] INFO:colcon.colcon_core.shell:Creating environment descriptor '/home/userdev/Software_Intro_Task_2026-2027/install/rover_control/share/rover_control/hook/pythonpath.dsv'
[3.459s] INFO:colcon.colcon_core.shell:Creating environment hook '/home/userdev/Software_Intro_Task_2026-2027/install/rover_control/share/rover_control/hook/pythonpath.sh'
[3.460s] Level 1:colcon.colcon_core.environment:checking '/home/userdev/Software_Intro_Task_2026-2027/install/rover_control/bin'
[3.460s] Level 1:colcon.colcon_core.environment:create_environment_scripts_only(rover_control)
[3.461s] INFO:colcon.colcon_core.shell:Creating package descriptor '/home/userdev/Software_Intro_Task_2026-2027/install/rover_control/share/rover_control/package.dsv'
[3.461s] INFO:colcon.colcon_core.shell:Creating package script '/home/userdev/Software_Intro_Task_2026-2027/install/rover_control/share/rover_control/package.sh'
[3.462s] INFO:colcon.colcon_core.shell:Creating package script '/home/userdev/Software_Intro_Task_2026-2027/install/rover_control/share/rover_control/package.bash'
[3.463s] INFO:colcon.colcon_core.shell:Creating package script '/home/userdev/Software_Intro_Task_2026-2027/install/rover_control/share/rover_control/package.zsh'
[3.463s] Level 1:colcon.colcon_core.environment:create_file_with_runtime_dependencies(/home/userdev/Software_Intro_Task_2026-2027/install/rover_control/share/colcon-core/packages/rover_control)
[3.464s] DEBUG:colcon.colcon_parallel_executor.executor.parallel:closing loop
[3.465s] DEBUG:colcon.colcon_parallel_executor.executor.parallel:loop closed
[3.465s] DEBUG:colcon.colcon_parallel_executor.executor.parallel:run_until_complete finished with '0'
[3.465s] DEBUG:colcon.colcon_core.event_reactor:joining thread
[3.514s] INFO:colcon.colcon_core.plugin_system:Skipping extension 'colcon_notification.desktop_notification.notify_send': Could not find 'notify-send'
[3.515s] INFO:colcon.colcon_core.plugin_system:Skipping extension 'colcon_notification.desktop_notification.terminal_notifier': Not used on non-Darwin systems
[3.515s] INFO:colcon.colcon_core.plugin_system:Skipping extension 'colcon_notification.desktop_notification.win32': Not used on non-Windows systems
[3.515s] INFO:colcon.colcon_notification.desktop_notification:Sending desktop notification using 'notify2'
[3.517s] DEBUG:colcon.colcon_notification.desktop_notification.notify2:Failed to initialize notify2: org.freedesktop.DBus.Error.ServiceUnknown: The name org.freedesktop.Notifications was not provided by any .service files
[3.517s] DEBUG:colcon.colcon_core.event_reactor:joined thread
[3.517s] INFO:colcon.colcon_core.shell:Creating prefix script '/home/userdev/Software_Intro_Task_2026-2027/install/local_setup.sh'
[3.519s] INFO:colcon.colcon_core.shell:Creating prefix util module '/home/userdev/Software_Intro_Task_2026-2027/install/_local_setup_util_sh.py'
[3.521s] INFO:colcon.colcon_core.shell:Creating prefix chain script '/home/userdev/Software_Intro_Task_2026-2027/install/setup.sh'
[3.523s] INFO:colcon.colcon_core.shell:Creating prefix script '/home/userdev/Software_Intro_Task_2026-2027/install/local_setup.bash'
[3.524s] INFO:colcon.colcon_core.shell:Creating prefix chain script '/home/userdev/Software_Intro_Task_2026-2027/install/setup.bash'
[3.526s] INFO:colcon.colcon_core.shell:Creating prefix script '/home/userdev/Software_Intro_Task_2026-2027/install/local_setup.zsh'
[3.527s] INFO:colcon.colcon_core.shell:Creating prefix chain script '/home/userdev/Software_Intro_Task_2026-2027/install/setup.zsh'
