[4.033s] Invoking command in '/home/userdev/Software_Intro_Task_2026-2027/build/rover_control': PYTHONPATH=/home/userdev/Software_Intro_Task_2026-2027/build/rover_control/prefix_override:/usr/lib/python3/dist-packages/colcon_core/task/python/colcon_distutils_commands:/home/userdev/Software_Intro_Task_2026-2027/install/rover_control/lib/python3.12/site-packages:${PYTHONPATH} /usr/bin/python3 -W ignore:setup.py install is deprecated -W ignore:easy_install command is deprecated setup.py develop --editable --build-directory /home/userdev/Software_Intro_Task_2026-2027/build/rover_control/build --no-deps symlink_data
[5.059s] running develop
[5.749s] running egg_info
[5.749s] creating rover_control.egg-info
[5.836s] writing rover_control.egg-info/PKG-INFO
[5.838s] writing dependency_links to rover_control.egg-info/dependency_links.txt
[5.839s] writing entry points to rover_control.egg-info/entry_points.txt
[5.840s] writing requirements to rover_control.egg-info/requires.txt
[5.840s] writing top-level names to rover_control.egg-info/top_level.txt
[5.844s] writing manifest file 'rover_control.egg-info/SOURCES.txt'
[5.977s] reading manifest file 'rover_control.egg-info/SOURCES.txt'
[5.979s] writing manifest file 'rover_control.egg-info/SOURCES.txt'
[6.060s] running build_ext
[6.060s] Creating /home/userdev/Software_Intro_Task_2026-2027/install/rover_control/lib/python3.12/site-packages/rover-control.egg-link (link to .)
[6.062s] Installing dance script to /home/userdev/Software_Intro_Task_2026-2027/install/rover_control/lib/rover_control
[6.063s] Installing manual_control script to /home/userdev/Software_Intro_Task_2026-2027/install/rover_control/lib/rover_control
[6.064s] 
[6.065s] Installed /home/userdev/Software_Intro_Task_2026-2027/build/rover_control
[6.065s] running symlink_data
[6.066s] creating /home/userdev/Software_Intro_Task_2026-2027/install/rover_control/share/ament_index
[6.067s] creating /home/userdev/Software_Intro_Task_2026-2027/install/rover_control/share/ament_index/resource_index
[6.069s] creating /home/userdev/Software_Intro_Task_2026-2027/install/rover_control/share/ament_index/resource_index/packages
[6.070s] symbolically linking /home/userdev/Software_Intro_Task_2026-2027/build/rover_control/resource/rover_control -> /home/userdev/Software_Intro_Task_2026-2027/install/rover_control/share/ament_index/resource_index/packages
[6.071s] symbolically linking /home/userdev/Software_Intro_Task_2026-2027/build/rover_control/package.xml -> /home/userdev/Software_Intro_Task_2026-2027/install/rover_control/share/rover_control
[6.162s] Invoked command in '/home/userdev/Software_Intro_Task_2026-2027/build/rover_control' returned '0': PYTHONPATH=/home/userdev/Software_Intro_Task_2026-2027/build/rover_control/prefix_override:/usr/lib/python3/dist-packages/colcon_core/task/python/colcon_distutils_commands:/home/userdev/Software_Intro_Task_2026-2027/install/rover_control/lib/python3.12/site-packages:${PYTHONPATH} /usr/bin/python3 -W ignore:setup.py install is deprecated -W ignore:easy_install command is deprecated setup.py develop --editable --build-directory /home/userdev/Software_Intro_Task_2026-2027/build/rover_control/build --no-deps symlink_data
