[0.503s] DEBUG:colcon:Command line arguments: ['/usr/bin/colcon', 'build', '--symlink-install']
[0.504s] DEBUG:colcon:Parsed command line arguments: Namespace(log_base=None, log_level=None, verb_name='build', build_base='build', install_base='install', merge_install=False, symlink_install=True, test_result_base=None, continue_on_error=False, executor='parallel', parallel_workers=8, event_handlers=None, ignore_user_meta=False, metas=['./colcon.meta'], base_paths=['.'], packages_ignore=None, packages_ignore_regex=None, paths=None, packages_up_to=None, packages_up_to_regex=None, packages_above=None, packages_above_and_dependencies=None, packages_above_depth=None, packages_select_by_dep=None, packages_skip_by_dep=None, packages_skip_up_to=None, packages_select_build_failed=False, packages_skip_build_finished=False, packages_select_test_failures=False, packages_skip_test_passed=False, packages_select=None, packages_skip=None, packages_select_regex=None, packages_skip_regex=None, packages_start=None, packages_end=None, cmake_args=None, cmake_target=None, cmake_target_skip_unavailable=False, cmake_clean_cache=False, cmake_clean_first=False, cmake_force_configure=False, ament_cmake_args=None, catkin_cmake_args=None, catkin_skip_building_tests=False, verb_parser=<colcon_defaults.argument_parser.defaults.DefaultArgumentsDecorator object at 0x738ebd80a960>, verb_extension=<colcon_core.verb.build.BuildVerb object at 0x738ebd80a690>, main=<bound method BuildVerb.main of <colcon_core.verb.build.BuildVerb object at 0x738ebd80a690>>)
[0.609s] Level 1:colcon.colcon_core.package_discovery:discover_packages(colcon_meta) check parameters
[0.609s] Level 1:colcon.colcon_core.package_discovery:discover_packages(recursive) check parameters
[0.610s] Level 1:colcon.colcon_core.package_discovery:discover_packages(ignore) check parameters
[0.610s] Level 1:colcon.colcon_core.package_discovery:discover_packages(path) check parameters
[0.610s] Level 1:colcon.colcon_core.package_discovery:discover_packages(colcon_meta) discover
[0.610s] Level 1:colcon.colcon_core.package_discovery:discover_packages(recursive) discover
[0.610s] INFO:colcon.colcon_core.package_discovery:Crawling recursively for packages in '/home/userdev/Software_Intro_Task_2026-2027'
[0.610s] Level 1:colcon.colcon_core.package_identification:_identify(.) by extensions ['ignore', 'ignore_ament_install']
[0.611s] Level 1:colcon.colcon_core.package_identification:_identify(.) by extension 'ignore'
[0.611s] Level 1:colcon.colcon_core.package_identification:_identify(.) by extension 'ignore_ament_install'
[0.611s] Level 1:colcon.colcon_core.package_identification:_identify(.) by extensions ['colcon_pkg']
[0.611s] Level 1:colcon.colcon_core.package_identification:_identify(.) by extension 'colcon_pkg'
[0.612s] Level 1:colcon.colcon_core.package_identification:_identify(.) by extensions ['colcon_meta']
[0.612s] Level 1:colcon.colcon_core.package_identification:_identify(.) by extension 'colcon_meta'
[0.612s] Level 1:colcon.colcon_core.package_identification:_identify(.) by extensions ['ros']
[0.612s] Level 1:colcon.colcon_core.package_identification:_identify(.) by extension 'ros'
[0.686s] Level 1:colcon.colcon_core.package_identification:_identify(.) by extensions ['cmake', 'python']
[0.686s] Level 1:colcon.colcon_core.package_identification:_identify(.) by extension 'cmake'
[0.687s] Level 1:colcon.colcon_core.package_identification:_identify(.) by extension 'python'
[0.687s] Level 1:colcon.colcon_core.package_identification:_identify(.) by extensions ['python_setup_py']
[0.687s] Level 1:colcon.colcon_core.package_identification:_identify(.) by extension 'python_setup_py'
[0.687s] Level 1:colcon.colcon_core.package_identification:_identify(build) by extensions ['ignore', 'ignore_ament_install']
[0.687s] Level 1:colcon.colcon_core.package_identification:_identify(build) by extension 'ignore'
[0.688s] Level 1:colcon.colcon_core.package_identification:_identify(build) ignored
[0.688s] Level 1:colcon.colcon_core.package_identification:_identify(install) by extensions ['ignore', 'ignore_ament_install']
[0.688s] Level 1:colcon.colcon_core.package_identification:_identify(install) by extension 'ignore'
[0.688s] Level 1:colcon.colcon_core.package_identification:_identify(install) ignored
[0.689s] Level 1:colcon.colcon_core.package_identification:_identify(log) by extensions ['ignore', 'ignore_ament_install']
[0.689s] Level 1:colcon.colcon_core.package_identification:_identify(log) by extension 'ignore'
[0.689s] Level 1:colcon.colcon_core.package_identification:_identify(log) ignored
[0.689s] Level 1:colcon.colcon_core.package_identification:_identify(src) by extensions ['ignore', 'ignore_ament_install']
[0.690s] Level 1:colcon.colcon_core.package_identification:_identify(src) by extension 'ignore'
[0.690s] Level 1:colcon.colcon_core.package_identification:_identify(src) by extension 'ignore_ament_install'
[0.690s] Level 1:colcon.colcon_core.package_identification:_identify(src) by extensions ['colcon_pkg']
[0.690s] Level 1:colcon.colcon_core.package_identification:_identify(src) by extension 'colcon_pkg'
[0.691s] Level 1:colcon.colcon_core.package_identification:_identify(src) by extensions ['colcon_meta']
[0.691s] Level 1:colcon.colcon_core.package_identification:_identify(src) by extension 'colcon_meta'
[0.691s] Level 1:colcon.colcon_core.package_identification:_identify(src) by extensions ['ros']
[0.691s] Level 1:colcon.colcon_core.package_identification:_identify(src) by extension 'ros'
[0.691s] Level 1:colcon.colcon_core.package_identification:_identify(src) by extensions ['cmake', 'python']
[0.691s] Level 1:colcon.colcon_core.package_identification:_identify(src) by extension 'cmake'
[0.692s] Level 1:colcon.colcon_core.package_identification:_identify(src) by extension 'python'
[0.692s] Level 1:colcon.colcon_core.package_identification:_identify(src) by extensions ['python_setup_py']
[0.692s] Level 1:colcon.colcon_core.package_identification:_identify(src) by extension 'python_setup_py'
[0.692s] Level 1:colcon.colcon_core.package_identification:_identify(src/intro_rover_description) by extensions ['ignore', 'ignore_ament_install']
[0.693s] Level 1:colcon.colcon_core.package_identification:_identify(src/intro_rover_description) by extension 'ignore'
[0.693s] Level 1:colcon.colcon_core.package_identification:_identify(src/intro_rover_description) by extension 'ignore_ament_install'
[0.693s] Level 1:colcon.colcon_core.package_identification:_identify(src/intro_rover_description) by extensions ['colcon_pkg']
[0.693s] Level 1:colcon.colcon_core.package_identification:_identify(src/intro_rover_description) by extension 'colcon_pkg'
[0.693s] Level 1:colcon.colcon_core.package_identification:_identify(src/intro_rover_description) by extensions ['colcon_meta']
[0.694s] Level 1:colcon.colcon_core.package_identification:_identify(src/intro_rover_description) by extension 'colcon_meta'
[0.694s] Level 1:colcon.colcon_core.package_identification:_identify(src/intro_rover_description) by extensions ['ros']
[0.694s] Level 1:colcon.colcon_core.package_identification:_identify(src/intro_rover_description) by extension 'ros'
[0.701s] DEBUG:colcon.colcon_core.package_identification:Package 'src/intro_rover_description' with type 'ros.ament_cmake' and name 'intro_rover_description'
[0.701s] Level 1:colcon.colcon_core.package_identification:_identify(src/rover_control) by extensions ['ignore', 'ignore_ament_install']
[0.701s] Level 1:colcon.colcon_core.package_identification:_identify(src/rover_control) by extension 'ignore'
[0.702s] Level 1:colcon.colcon_core.package_identification:_identify(src/rover_control) by extension 'ignore_ament_install'
[0.702s] Level 1:colcon.colcon_core.package_identification:_identify(src/rover_control) by extensions ['colcon_pkg']
[0.702s] Level 1:colcon.colcon_core.package_identification:_identify(src/rover_control) by extension 'colcon_pkg'
[0.702s] Level 1:colcon.colcon_core.package_identification:_identify(src/rover_control) by extensions ['colcon_meta']
[0.702s] Level 1:colcon.colcon_core.package_identification:_identify(src/rover_control) by extension 'colcon_meta'
[0.703s] Level 1:colcon.colcon_core.package_identification:_identify(src/rover_control) by extensions ['ros']
[0.703s] Level 1:colcon.colcon_core.package_identification:_identify(src/rover_control) by extension 'ros'
[0.704s] DEBUG:colcon.colcon_core.package_identification:Package 'src/rover_control' with type 'ros.ament_python' and name 'rover_control'
[0.704s] Level 1:colcon.colcon_core.package_discovery:discover_packages(recursive) using defaults
[0.704s] Level 1:colcon.colcon_core.package_discovery:discover_packages(ignore) discover
[0.705s] Level 1:colcon.colcon_core.package_discovery:discover_packages(ignore) using defaults
[0.705s] Level 1:colcon.colcon_core.package_discovery:discover_packages(path) discover
[0.705s] Level 1:colcon.colcon_core.package_discovery:discover_packages(path) using defaults
[0.751s] Level 5:colcon.colcon_core.verb:set package 'intro_rover_description' build argument 'cmake_args' from command line to 'None'
[0.751s] Level 5:colcon.colcon_core.verb:set package 'intro_rover_description' build argument 'cmake_target' from command line to 'None'
[0.751s] Level 5:colcon.colcon_core.verb:set package 'intro_rover_description' build argument 'cmake_target_skip_unavailable' from command line to 'False'
[0.752s] Level 5:colcon.colcon_core.verb:set package 'intro_rover_description' build argument 'cmake_clean_cache' from command line to 'False'
[0.752s] Level 5:colcon.colcon_core.verb:set package 'intro_rover_description' build argument 'cmake_clean_first' from command line to 'False'
[0.752s] Level 5:colcon.colcon_core.verb:set package 'intro_rover_description' build argument 'cmake_force_configure' from command line to 'False'
[0.752s] Level 5:colcon.colcon_core.verb:set package 'intro_rover_description' build argument 'ament_cmake_args' from command line to 'None'
[0.752s] Level 5:colcon.colcon_core.verb:set package 'intro_rover_description' build argument 'catkin_cmake_args' from command line to 'None'
[0.752s] Level 5:colcon.colcon_core.verb:set package 'intro_rover_description' build argument 'catkin_skip_building_tests' from command line to 'False'
[0.752s] DEBUG:colcon.colcon_core.verb:Building package 'intro_rover_description' with the following arguments: {'ament_cmake_args': None, 'build_base': '/home/userdev/Software_Intro_Task_2026-2027/build/intro_rover_description', 'catkin_cmake_args': None, 'catkin_skip_building_tests': False, 'cmake_args': None, 'cmake_clean_cache': False, 'cmake_clean_first': False, 'cmake_force_configure': False, 'cmake_target': None, 'cmake_target_skip_unavailable': False, 'install_base': '/home/userdev/Software_Intro_Task_2026-2027/install/intro_rover_description', 'merge_install': False, 'path': '/home/userdev/Software_Intro_Task_2026-2027/src/intro_rover_description', 'symlink_install': True, 'test_result_base': None}
[0.753s] Level 5:colcon.colcon_core.verb:set package 'rover_control' build argument 'cmake_args' from command line to 'None'
[0.753s] Level 5:colcon.colcon_core.verb:set package 'rover_control' build argument 'cmake_target' from command line to 'None'
[0.753s] Level 5:colcon.colcon_core.verb:set package 'rover_control' build argument 'cmake_target_skip_unavailable' from command line to 'False'
[0.754s] Level 5:colcon.colcon_core.verb:set package 'rover_control' build argument 'cmake_clean_cache' from command line to 'False'
[0.755s] Level 5:colcon.colcon_core.verb:set package 'rover_control' build argument 'cmake_clean_first' from command line to 'False'
[0.755s] Level 5:colcon.colcon_core.verb:set package 'rover_control' build argument 'cmake_force_configure' from command line to 'False'
[0.755s] Level 5:colcon.colcon_core.verb:set package 'rover_control' build argument 'ament_cmake_args' from command line to 'None'
[0.756s] Level 5:colcon.colcon_core.verb:set package 'rover_control' build argument 'catkin_cmake_args' from command line to 'None'
[0.756s] Level 5:colcon.colcon_core.verb:set package 'rover_control' build argument 'catkin_skip_building_tests' from command line to 'False'
[0.756s] DEBUG:colcon.colcon_core.verb:Building package 'rover_control' with the following arguments: {'ament_cmake_args': None, 'build_base': '/home/userdev/Software_Intro_Task_2026-2027/build/rover_control', 'catkin_cmake_args': None, 'catkin_skip_building_tests': False, 'cmake_args': None, 'cmake_clean_cache': False, 'cmake_clean_first': False, 'cmake_force_configure': False, 'cmake_target': None, 'cmake_target_skip_unavailable': False, 'install_base': '/home/userdev/Software_Intro_Task_2026-2027/install/rover_control', 'merge_install': False, 'path': '/home/userdev/Software_Intro_Task_2026-2027/src/rover_control', 'symlink_install': True, 'test_result_base': None}
[0.757s] INFO:colcon.colcon_core.executor:Executing jobs using 'parallel' executor
[0.759s] DEBUG:colcon.colcon_parallel_executor.executor.parallel:run_until_complete
[0.760s] INFO:colcon.colcon_ros.task.ament_cmake.build:Building ROS package in '/home/userdev/Software_Intro_Task_2026-2027/src/intro_rover_description' with build type 'ament_cmake'
[0.760s] INFO:colcon.colcon_cmake.task.cmake.build:Building CMake package in '/home/userdev/Software_Intro_Task_2026-2027/src/intro_rover_description'
[0.766s] INFO:colcon.colcon_core.plugin_system:Skipping extension 'colcon_core.shell.bat': Not used on non-Windows systems
[0.767s] DEBUG:colcon.colcon_core.shell:Skip shell extension 'dsv' for command environment
[0.769s] WARNING:colcon.colcon_ros.prefix_path.ament:The path '/home/userdev/Software_Intro_Task_2026-2027/install/rover_control' in the environment variable AMENT_PREFIX_PATH doesn't exist
[0.770s] WARNING:colcon.colcon_ros.prefix_path.ament:The path '/home/userdev/Software_Intro_Task_2026-2027/install/intro_rover_description' in the environment variable AMENT_PREFIX_PATH doesn't exist
[0.770s] WARNING:colcon.colcon_ros.prefix_path.catkin:The path '/home/userdev/Software_Intro_Task_2026-2027/install/intro_rover_description' in the environment variable CMAKE_PREFIX_PATH doesn't exist
[0.784s] INFO:colcon.colcon_ros.task.ament_python.build:Building ROS package in '/home/userdev/Software_Intro_Task_2026-2027/src/rover_control' with build type 'ament_python'
[0.785s] Level 1:colcon.colcon_core.shell:create_environment_hook('rover_control', 'ament_prefix_path')
[0.786s] INFO:colcon.colcon_core.shell:Creating environment descriptor '/home/userdev/Software_Intro_Task_2026-2027/install/rover_control/share/rover_control/hook/ament_prefix_path.dsv'
[0.789s] INFO:colcon.colcon_core.shell:Creating environment hook '/home/userdev/Software_Intro_Task_2026-2027/install/rover_control/share/rover_control/hook/ament_prefix_path.sh'
[0.792s] DEBUG:colcon.colcon_core.shell:Skip shell extension 'dsv' for command environment
[0.818s] DEBUG:colcon.colcon_core.event_handler.log_command:Invoking command in '/home/userdev/Software_Intro_Task_2026-2027/build/intro_rover_description': CMAKE_PREFIX_PATH=${CMAKE_PREFIX_PATH}:/home/userdev/Software_Intro_Task_2026-2027/install/rover_control:/opt/ros/jazzy /usr/bin/cmake /home/userdev/Software_Intro_Task_2026-2027/src/intro_rover_description -DAMENT_CMAKE_SYMLINK_INSTALL=1 -DCMAKE_INSTALL_PREFIX=/home/userdev/Software_Intro_Task_2026-2027/install/intro_rover_description
[1.532s] INFO:colcon.colcon_core.task.python.build:Building Python package in '/home/userdev/Software_Intro_Task_2026-2027/src/rover_control'
[1.532s] DEBUG:colcon.colcon_core.shell:Skip shell extension 'dsv' for command environment
[3.770s] DEBUG:colcon.colcon_core.task.python.build:Available setuptools commands: bdist, install_headers, editable_wheel, dist_info, egg_info, install_data, bdist_rpm, install_egg_info, build, alias, bdist_egg, develop, install_scripts, upload_docs, bdist_dumb, symlink_data, register, build_ext, check, test, build_py, saveopts, clean, compile_catalog, rotate, upload, sdist, easy_install, update_catalog, setopt, install, install_lib, build_clib, extract_messages, build_scripts, init_catalog
[4.807s] DEBUG:colcon.colcon_core.task.python.build:Available setuptools 'develop' options: --script-dir, --no-find-links, --no-deps, --uninstall, --dry-run, --egg-path, --allow-hosts, --no-user-cfg, --user, --always-unzip, --prefix, --always-copy, --exclude-scripts, --force-installation-into-system-dir, --build-directory, --zip-ok, --site-dirs, --help, --editable, --local-snapshots-ok, --index-url, --version, --install-layout, --upgrade, --verbose, --find-links, --install-dir, --optimize, --record, --quiet, --multi-version
[4.818s] DEBUG:colcon.colcon_core.event_handler.log_command:Invoking command in '/home/userdev/Software_Intro_Task_2026-2027/build/rover_control': PYTHONPATH=/home/userdev/Software_Intro_Task_2026-2027/build/rover_control/prefix_override:/usr/lib/python3/dist-packages/colcon_core/task/python/colcon_distutils_commands:/home/userdev/Software_Intro_Task_2026-2027/install/rover_control/lib/python3.12/site-packages:${PYTHONPATH} /usr/bin/python3 -W ignore:setup.py install is deprecated -W ignore:easy_install command is deprecated setup.py develop --editable --build-directory /home/userdev/Software_Intro_Task_2026-2027/build/rover_control/build --no-deps symlink_data
[5.368s] DEBUG:colcon.colcon_core.event_handler.log_command:Invoked command in '/home/userdev/Software_Intro_Task_2026-2027/build/intro_rover_description' returned '0': CMAKE_PREFIX_PATH=${CMAKE_PREFIX_PATH}:/home/userdev/Software_Intro_Task_2026-2027/install/rover_control:/opt/ros/jazzy /usr/bin/cmake /home/userdev/Software_Intro_Task_2026-2027/src/intro_rover_description -DAMENT_CMAKE_SYMLINK_INSTALL=1 -DCMAKE_INSTALL_PREFIX=/home/userdev/Software_Intro_Task_2026-2027/install/intro_rover_description
[5.371s] DEBUG:colcon.colcon_core.event_handler.log_command:Invoking command in '/home/userdev/Software_Intro_Task_2026-2027/build/intro_rover_description': CMAKE_PREFIX_PATH=${CMAKE_PREFIX_PATH}:/home/userdev/Software_Intro_Task_2026-2027/install/rover_control:/opt/ros/jazzy /usr/bin/cmake --build /home/userdev/Software_Intro_Task_2026-2027/build/intro_rover_description -- -j8 -l8
[5.481s] DEBUG:colcon.colcon_core.event_handler.log_command:Invoked command in '/home/userdev/Software_Intro_Task_2026-2027/build/intro_rover_description' returned '0': CMAKE_PREFIX_PATH=${CMAKE_PREFIX_PATH}:/home/userdev/Software_Intro_Task_2026-2027/install/rover_control:/opt/ros/jazzy /usr/bin/cmake --build /home/userdev/Software_Intro_Task_2026-2027/build/intro_rover_description -- -j8 -l8
[5.509s] DEBUG:colcon.colcon_core.event_handler.log_command:Invoking command in '/home/userdev/Software_Intro_Task_2026-2027/build/intro_rover_description': CMAKE_PREFIX_PATH=${CMAKE_PREFIX_PATH}:/home/userdev/Software_Intro_Task_2026-2027/install/rover_control:/opt/ros/jazzy /usr/bin/cmake --install /home/userdev/Software_Intro_Task_2026-2027/build/intro_rover_description
[6.946s] Level 1:colcon.colcon_core.shell:create_environment_hook('rover_control', 'pythonpath_develop')
[6.946s] INFO:colcon.colcon_core.shell:Creating environment descriptor '/home/userdev/Software_Intro_Task_2026-2027/build/rover_control/share/rover_control/hook/pythonpath_develop.dsv'
[6.948s] DEBUG:colcon.colcon_core.event_handler.log_command:Invoked command in '/home/userdev/Software_Intro_Task_2026-2027/build/rover_control' returned '0': PYTHONPATH=/home/userdev/Software_Intro_Task_2026-2027/build/rover_control/prefix_override:/usr/lib/python3/dist-packages/colcon_core/task/python/colcon_distutils_commands:/home/userdev/Software_Intro_Task_2026-2027/install/rover_control/lib/python3.12/site-packages:${PYTHONPATH} /usr/bin/python3 -W ignore:setup.py install is deprecated -W ignore:easy_install command is deprecated setup.py develop --editable --build-directory /home/userdev/Software_Intro_Task_2026-2027/build/rover_control/build --no-deps symlink_data
[6.951s] INFO:colcon.colcon_core.shell:Creating environment hook '/home/userdev/Software_Intro_Task_2026-2027/build/rover_control/share/rover_control/hook/pythonpath_develop.sh'
[6.959s] Level 1:colcon.colcon_core.environment:checking '/home/userdev/Software_Intro_Task_2026-2027/install/rover_control' for CMake module files
[6.961s] Level 1:colcon.colcon_core.environment:checking '/home/userdev/Software_Intro_Task_2026-2027/install/rover_control' for CMake config files
[6.965s] Level 1:colcon.colcon_core.environment:checking '/home/userdev/Software_Intro_Task_2026-2027/install/rover_control/lib'
[6.966s] Level 1:colcon.colcon_core.environment:checking '/home/userdev/Software_Intro_Task_2026-2027/install/rover_control/bin'
[6.966s] Level 1:colcon.colcon_core.environment:checking '/home/userdev/Software_Intro_Task_2026-2027/install/rover_control/lib/pkgconfig/rover_control.pc'
[6.967s] Level 1:colcon.colcon_core.environment:checking '/home/userdev/Software_Intro_Task_2026-2027/install/rover_control/lib/python3.12/site-packages'
[6.967s] Level 1:colcon.colcon_core.shell:create_environment_hook('rover_control', 'pythonpath')
[6.968s] INFO:colcon.colcon_core.shell:Creating environment descriptor '/home/userdev/Software_Intro_Task_2026-2027/install/rover_control/share/rover_control/hook/pythonpath.dsv'
[6.969s] INFO:colcon.colcon_core.shell:Creating environment hook '/home/userdev/Software_Intro_Task_2026-2027/install/rover_control/share/rover_control/hook/pythonpath.sh'
[6.971s] Level 1:colcon.colcon_core.environment:checking '/home/userdev/Software_Intro_Task_2026-2027/install/rover_control/bin'
[6.972s] Level 1:colcon.colcon_core.environment:create_environment_scripts_only(rover_control)
[6.972s] INFO:colcon.colcon_core.shell:Creating package descriptor '/home/userdev/Software_Intro_Task_2026-2027/install/rover_control/share/rover_control/package.dsv'
[6.974s] INFO:colcon.colcon_core.shell:Creating package script '/home/userdev/Software_Intro_Task_2026-2027/install/rover_control/share/rover_control/package.sh'
[6.976s] INFO:colcon.colcon_core.shell:Creating package script '/home/userdev/Software_Intro_Task_2026-2027/install/rover_control/share/rover_control/package.bash'
[6.978s] INFO:colcon.colcon_core.shell:Creating package script '/home/userdev/Software_Intro_Task_2026-2027/install/rover_control/share/rover_control/package.zsh'
[6.980s] Level 1:colcon.colcon_core.environment:create_file_with_runtime_dependencies(/home/userdev/Software_Intro_Task_2026-2027/install/rover_control/share/colcon-core/packages/rover_control)
[7.451s] Level 1:colcon.colcon_core.environment:create_environment_scripts_only(intro_rover_description)
[7.452s] Level 1:colcon.colcon_core.environment:checking '/home/userdev/Software_Intro_Task_2026-2027/install/intro_rover_description' for CMake module files
[7.453s] DEBUG:colcon.colcon_core.event_handler.log_command:Invoked command in '/home/userdev/Software_Intro_Task_2026-2027/build/intro_rover_description' returned '0': CMAKE_PREFIX_PATH=${CMAKE_PREFIX_PATH}:/home/userdev/Software_Intro_Task_2026-2027/install/rover_control:/opt/ros/jazzy /usr/bin/cmake --install /home/userdev/Software_Intro_Task_2026-2027/build/intro_rover_description
[7.455s] Level 1:colcon.colcon_core.environment:checking '/home/userdev/Software_Intro_Task_2026-2027/install/intro_rover_description' for CMake config files
[7.456s] Level 1:colcon.colcon_core.shell:create_environment_hook('intro_rover_description', 'cmake_prefix_path')
[7.457s] INFO:colcon.colcon_core.shell:Creating environment descriptor '/home/userdev/Software_Intro_Task_2026-2027/install/intro_rover_description/share/intro_rover_description/hook/cmake_prefix_path.dsv'
[7.458s] INFO:colcon.colcon_core.shell:Creating environment hook '/home/userdev/Software_Intro_Task_2026-2027/install/intro_rover_description/share/intro_rover_description/hook/cmake_prefix_path.sh'
[7.459s] Level 1:colcon.colcon_core.environment:checking '/home/userdev/Software_Intro_Task_2026-2027/install/intro_rover_description/bin'
[7.459s] Level 1:colcon.colcon_core.environment:checking '/home/userdev/Software_Intro_Task_2026-2027/install/intro_rover_description/lib/pkgconfig/intro_rover_description.pc'
[7.459s] Level 1:colcon.colcon_core.environment:checking '/home/userdev/Software_Intro_Task_2026-2027/install/intro_rover_description/lib/python3.12/site-packages'
[7.460s] Level 1:colcon.colcon_core.environment:checking '/home/userdev/Software_Intro_Task_2026-2027/install/intro_rover_description/bin'
[7.461s] INFO:colcon.colcon_core.shell:Creating package descriptor '/home/userdev/Software_Intro_Task_2026-2027/install/intro_rover_description/share/intro_rover_description/package.dsv'
[7.462s] INFO:colcon.colcon_core.shell:Creating package script '/home/userdev/Software_Intro_Task_2026-2027/install/intro_rover_description/share/intro_rover_description/package.sh'
[7.462s] INFO:colcon.colcon_core.shell:Creating package script '/home/userdev/Software_Intro_Task_2026-2027/install/intro_rover_description/share/intro_rover_description/package.bash'
[7.463s] INFO:colcon.colcon_core.shell:Creating package script '/home/userdev/Software_Intro_Task_2026-2027/install/intro_rover_description/share/intro_rover_description/package.zsh'
[7.464s] Level 1:colcon.colcon_core.environment:create_file_with_runtime_dependencies(/home/userdev/Software_Intro_Task_2026-2027/install/intro_rover_description/share/colcon-core/packages/intro_rover_description)
[7.466s] Level 1:colcon.colcon_core.environment:create_environment_scripts_only(intro_rover_description)
[7.467s] Level 1:colcon.colcon_core.environment:checking '/home/userdev/Software_Intro_Task_2026-2027/install/intro_rover_description' for CMake module files
[7.468s] Level 1:colcon.colcon_core.environment:checking '/home/userdev/Software_Intro_Task_2026-2027/install/intro_rover_description' for CMake config files
[7.469s] Level 1:colcon.colcon_core.shell:create_environment_hook('intro_rover_description', 'cmake_prefix_path')
[7.469s] INFO:colcon.colcon_core.shell:Creating environment descriptor '/home/userdev/Software_Intro_Task_2026-2027/install/intro_rover_description/share/intro_rover_description/hook/cmake_prefix_path.dsv'
[7.470s] INFO:colcon.colcon_core.shell:Creating environment hook '/home/userdev/Software_Intro_Task_2026-2027/install/intro_rover_description/share/intro_rover_description/hook/cmake_prefix_path.sh'
[7.471s] Level 1:colcon.colcon_core.environment:checking '/home/userdev/Software_Intro_Task_2026-2027/install/intro_rover_description/bin'
[7.471s] Level 1:colcon.colcon_core.environment:checking '/home/userdev/Software_Intro_Task_2026-2027/install/intro_rover_description/lib/pkgconfig/intro_rover_description.pc'
[7.472s] Level 1:colcon.colcon_core.environment:checking '/home/userdev/Software_Intro_Task_2026-2027/install/intro_rover_description/lib/python3.12/site-packages'
[7.473s] Level 1:colcon.colcon_core.environment:checking '/home/userdev/Software_Intro_Task_2026-2027/install/intro_rover_description/bin'
[7.473s] INFO:colcon.colcon_core.shell:Creating package descriptor '/home/userdev/Software_Intro_Task_2026-2027/install/intro_rover_description/share/intro_rover_description/package.dsv'
[7.474s] INFO:colcon.colcon_core.shell:Creating package script '/home/userdev/Software_Intro_Task_2026-2027/install/intro_rover_description/share/intro_rover_description/package.sh'
[7.475s] INFO:colcon.colcon_core.shell:Creating package script '/home/userdev/Software_Intro_Task_2026-2027/install/intro_rover_description/share/intro_rover_description/package.bash'
[7.476s] INFO:colcon.colcon_core.shell:Creating package script '/home/userdev/Software_Intro_Task_2026-2027/install/intro_rover_description/share/intro_rover_description/package.zsh'
[7.477s] Level 1:colcon.colcon_core.environment:create_file_with_runtime_dependencies(/home/userdev/Software_Intro_Task_2026-2027/install/intro_rover_description/share/colcon-core/packages/intro_rover_description)
[7.477s] DEBUG:colcon.colcon_parallel_executor.executor.parallel:closing loop
[7.479s] DEBUG:colcon.colcon_parallel_executor.executor.parallel:loop closed
[7.479s] DEBUG:colcon.colcon_parallel_executor.executor.parallel:run_until_complete finished with '0'
[7.480s] DEBUG:colcon.colcon_core.event_reactor:joining thread
[7.550s] INFO:colcon.colcon_core.plugin_system:Skipping extension 'colcon_notification.desktop_notification.notify_send': Could not find 'notify-send'
[7.551s] INFO:colcon.colcon_core.plugin_system:Skipping extension 'colcon_notification.desktop_notification.terminal_notifier': Not used on non-Darwin systems
[7.551s] INFO:colcon.colcon_core.plugin_system:Skipping extension 'colcon_notification.desktop_notification.win32': Not used on non-Windows systems
[7.551s] INFO:colcon.colcon_notification.desktop_notification:Sending desktop notification using 'notify2'
[7.553s] DEBUG:colcon.colcon_notification.desktop_notification.notify2:Failed to initialize notify2: org.freedesktop.DBus.Error.ServiceUnknown: The name org.freedesktop.Notifications was not provided by any .service files
[7.553s] DEBUG:colcon.colcon_core.event_reactor:joined thread
[7.554s] INFO:colcon.colcon_core.shell:Creating prefix script '/home/userdev/Software_Intro_Task_2026-2027/install/local_setup.sh'
[7.555s] INFO:colcon.colcon_core.shell:Creating prefix util module '/home/userdev/Software_Intro_Task_2026-2027/install/_local_setup_util_sh.py'
[7.557s] INFO:colcon.colcon_core.shell:Creating prefix chain script '/home/userdev/Software_Intro_Task_2026-2027/install/setup.sh'
[7.558s] INFO:colcon.colcon_core.shell:Creating prefix script '/home/userdev/Software_Intro_Task_2026-2027/install/local_setup.bash'
[7.559s] INFO:colcon.colcon_core.shell:Creating prefix chain script '/home/userdev/Software_Intro_Task_2026-2027/install/setup.bash'
[7.561s] INFO:colcon.colcon_core.shell:Creating prefix script '/home/userdev/Software_Intro_Task_2026-2027/install/local_setup.zsh'
[7.562s] INFO:colcon.colcon_core.shell:Creating prefix chain script '/home/userdev/Software_Intro_Task_2026-2027/install/setup.zsh'
