-- Install configuration: ""
-- Execute custom install script
-- Up-to-date symlink: /home/userdev/Software_Intro_Task_2026-2027/install/intro_rover_description/share/intro_rover_description/urdf/intro_rover_description.urdf
-- Up-to-date symlink: /home/userdev/Software_Intro_Task_2026-2027/install/intro_rover_description/share/intro_rover_description/urdf/intro_rover_description_backup.urdf
-- Up-to-date symlink: /home/userdev/Software_Intro_Task_2026-2027/install/intro_rover_description/share/intro_rover_description/urdf/intro_rover_description_before_control.urdf
-- Up-to-date symlink: /home/userdev/Software_Intro_Task_2026-2027/install/intro_rover_description/share/intro_rover_description/meshes/base_link.STL
-- Up-to-date symlink: /home/userdev/Software_Intro_Task_2026-2027/install/intro_rover_description/share/intro_rover_description/meshes/bl_swerve_yaw_link.STL
-- Up-to-date symlink: /home/userdev/Software_Intro_Task_2026-2027/install/intro_rover_description/share/intro_rover_description/meshes/bl_wheel_link.STL
-- Up-to-date symlink: /home/userdev/Software_Intro_Task_2026-2027/install/intro_rover_description/share/intro_rover_description/meshes/br_swerve_yaw_link.STL
-- Up-to-date symlink: /home/userdev/Software_Intro_Task_2026-2027/install/intro_rover_description/share/intro_rover_description/meshes/br_wheel_link.STL
-- Up-to-date symlink: /home/userdev/Software_Intro_Task_2026-2027/install/intro_rover_description/share/intro_rover_description/meshes/elbow_pitch_link.STL
-- Up-to-date symlink: /home/userdev/Software_Intro_Task_2026-2027/install/intro_rover_description/share/intro_rover_description/meshes/elbow_roll_link.STL
-- Up-to-date symlink: /home/userdev/Software_Intro_Task_2026-2027/install/intro_rover_description/share/intro_rover_description/meshes/fl_swerve_yaw_link.STL
-- Up-to-date symlink: /home/userdev/Software_Intro_Task_2026-2027/install/intro_rover_description/share/intro_rover_description/meshes/fl_wheel_link.STL
-- Up-to-date symlink: /home/userdev/Software_Intro_Task_2026-2027/install/intro_rover_description/share/intro_rover_description/meshes/fr_swerve_yaw_link.STL
-- Up-to-date symlink: /home/userdev/Software_Intro_Task_2026-2027/install/intro_rover_description/share/intro_rover_description/meshes/fr_wheel_link.STL
-- Up-to-date symlink: /home/userdev/Software_Intro_Task_2026-2027/install/intro_rover_description/share/intro_rover_description/meshes/shoulder_pitch_link.STL
-- Up-to-date symlink: /home/userdev/Software_Intro_Task_2026-2027/install/intro_rover_description/share/intro_rover_description/meshes/shoulder_yaw_link.STL
-- Up-to-date symlink: /home/userdev/Software_Intro_Task_2026-2027/install/intro_rover_description/share/intro_rover_description/meshes/wrist_pitch_link.STL
-- Up-to-date symlink: /home/userdev/Software_Intro_Task_2026-2027/install/intro_rover_description/share/intro_rover_description/meshes/wrist_roll_link.STL
[33mCMake Warning (dev) at ament_cmake_symlink_install/ament_cmake_symlink_install.cmake:67 (file):
  Policy CMP0009 is not set: FILE GLOB_RECURSE calls should not follow
  symlinks by default.  Run "cmake --help-policy CMP0009" for policy details.
  Use the cmake_policy command to set the policy and suppress this warning.
Call Stack (most recent call first):
  ament_cmake_symlink_install/ament_cmake_symlink_install.cmake:319 (ament_cmake_symlink_install_directory)
  cmake_install.cmake:46 (include)
This warning is for project developers.  Use -Wno-dev to suppress it.
[0m
-- Up-to-date symlink: /home/userdev/Software_Intro_Task_2026-2027/install/intro_rover_description/share/intro_rover_description/launch/build/.built_by
-- Up-to-date symlink: /home/userdev/Software_Intro_Task_2026-2027/install/intro_rover_description/share/intro_rover_description/launch/build/COLCON_IGNORE
-- Up-to-date symlink: /home/userdev/Software_Intro_Task_2026-2027/install/intro_rover_description/share/intro_rover_description/launch/display.launch.py
-- Up-to-date symlink: /home/userdev/Software_Intro_Task_2026-2027/install/intro_rover_description/share/intro_rover_description/launch/gazebo.launch.py
-- Up-to-date symlink: /home/userdev/Software_Intro_Task_2026-2027/install/intro_rover_description/share/intro_rover_description/launch/install/.colcon_install_layout
-- Up-to-date symlink: /home/userdev/Software_Intro_Task_2026-2027/install/intro_rover_description/share/intro_rover_description/launch/install/COLCON_IGNORE
-- Up-to-date symlink: /home/userdev/Software_Intro_Task_2026-2027/install/intro_rover_description/share/intro_rover_description/launch/install/_local_setup_util_sh.py
-- Up-to-date symlink: /home/userdev/Software_Intro_Task_2026-2027/install/intro_rover_description/share/intro_rover_description/launch/install/local_setup.bash
-- Up-to-date symlink: /home/userdev/Software_Intro_Task_2026-2027/install/intro_rover_description/share/intro_rover_description/launch/install/local_setup.sh
-- Up-to-date symlink: /home/userdev/Software_Intro_Task_2026-2027/install/intro_rover_description/share/intro_rover_description/launch/install/local_setup.zsh
-- Up-to-date symlink: /home/userdev/Software_Intro_Task_2026-2027/install/intro_rover_description/share/intro_rover_description/launch/install/setup.bash
-- Up-to-date symlink: /home/userdev/Software_Intro_Task_2026-2027/install/intro_rover_description/share/intro_rover_description/launch/install/setup.sh
-- Up-to-date symlink: /home/userdev/Software_Intro_Task_2026-2027/install/intro_rover_description/share/intro_rover_description/launch/install/setup.zsh
-- Up-to-date symlink: /home/userdev/Software_Intro_Task_2026-2027/install/intro_rover_description/share/intro_rover_description/launch/log/COLCON_IGNORE
-- Up-to-date symlink: /home/userdev/Software_Intro_Task_2026-2027/install/intro_rover_description/share/intro_rover_description/launch/log/build_2026-09-26_16-10-49/events.log
-- Up-to-date symlink: /home/userdev/Software_Intro_Task_2026-2027/install/intro_rover_description/share/intro_rover_description/launch/log/build_2026-09-26_16-10-49/logger_all.log
-- Up-to-date symlink: /home/userdev/Software_Intro_Task_2026-2027/install/intro_rover_description/share/intro_rover_description/launch/log/latest/events.log
-- Up-to-date symlink: /home/userdev/Software_Intro_Task_2026-2027/install/intro_rover_description/share/intro_rover_description/launch/log/latest/logger_all.log
-- Up-to-date symlink: /home/userdev/Software_Intro_Task_2026-2027/install/intro_rover_description/share/intro_rover_description/launch/log/latest_build/events.log
-- Up-to-date symlink: /home/userdev/Software_Intro_Task_2026-2027/install/intro_rover_description/share/intro_rover_description/launch/log/latest_build/logger_all.log
-- Up-to-date symlink: /home/userdev/Software_Intro_Task_2026-2027/install/intro_rover_description/share/intro_rover_description/config/controllers.yaml
-- Up-to-date symlink: /home/userdev/Software_Intro_Task_2026-2027/install/intro_rover_description/share/intro_rover_description/meshes/base_link.STL
-- Up-to-date symlink: /home/userdev/Software_Intro_Task_2026-2027/install/intro_rover_description/share/intro_rover_description/meshes/bl_swerve_yaw_link.STL
-- Up-to-date symlink: /home/userdev/Software_Intro_Task_2026-2027/install/intro_rover_description/share/intro_rover_description/meshes/bl_wheel_link.STL
-- Up-to-date symlink: /home/userdev/Software_Intro_Task_2026-2027/install/intro_rover_description/share/intro_rover_description/meshes/br_swerve_yaw_link.STL
-- Up-to-date symlink: /home/userdev/Software_Intro_Task_2026-2027/install/intro_rover_description/share/intro_rover_description/meshes/br_wheel_link.STL
-- Up-to-date symlink: /home/userdev/Software_Intro_Task_2026-2027/install/intro_rover_description/share/intro_rover_description/meshes/elbow_pitch_link.STL
-- Up-to-date symlink: /home/userdev/Software_Intro_Task_2026-2027/install/intro_rover_description/share/intro_rover_description/meshes/elbow_roll_link.STL
-- Up-to-date symlink: /home/userdev/Software_Intro_Task_2026-2027/install/intro_rover_description/share/intro_rover_description/meshes/fl_swerve_yaw_link.STL
-- Up-to-date symlink: /home/userdev/Software_Intro_Task_2026-2027/install/intro_rover_description/share/intro_rover_description/meshes/fl_wheel_link.STL
-- Up-to-date symlink: /home/userdev/Software_Intro_Task_2026-2027/install/intro_rover_description/share/intro_rover_description/meshes/fr_swerve_yaw_link.STL
-- Up-to-date symlink: /home/userdev/Software_Intro_Task_2026-2027/install/intro_rover_description/share/intro_rover_description/meshes/fr_wheel_link.STL
-- Up-to-date symlink: /home/userdev/Software_Intro_Task_2026-2027/install/intro_rover_description/share/intro_rover_description/meshes/shoulder_pitch_link.STL
-- Up-to-date symlink: /home/userdev/Software_Intro_Task_2026-2027/install/intro_rover_description/share/intro_rover_description/meshes/shoulder_yaw_link.STL
-- Up-to-date symlink: /home/userdev/Software_Intro_Task_2026-2027/install/intro_rover_description/share/intro_rover_description/meshes/wrist_pitch_link.STL
-- Up-to-date symlink: /home/userdev/Software_Intro_Task_2026-2027/install/intro_rover_description/share/intro_rover_description/meshes/wrist_roll_link.STL
-- Up-to-date symlink: /home/userdev/Software_Intro_Task_2026-2027/install/intro_rover_description/share/intro_rover_description/models/intro_rover_description/meshes/base_link.STL
-- Up-to-date symlink: /home/userdev/Software_Intro_Task_2026-2027/install/intro_rover_description/share/intro_rover_description/models/intro_rover_description/meshes/bl_swerve_yaw_link.STL
-- Up-to-date symlink: /home/userdev/Software_Intro_Task_2026-2027/install/intro_rover_description/share/intro_rover_description/models/intro_rover_description/meshes/bl_wheel_link.STL
-- Up-to-date symlink: /home/userdev/Software_Intro_Task_2026-2027/install/intro_rover_description/share/intro_rover_description/models/intro_rover_description/meshes/br_swerve_yaw_link.STL
-- Up-to-date symlink: /home/userdev/Software_Intro_Task_2026-2027/install/intro_rover_description/share/intro_rover_description/models/intro_rover_description/meshes/br_wheel_link.STL
-- Up-to-date symlink: /home/userdev/Software_Intro_Task_2026-2027/install/intro_rover_description/share/intro_rover_description/models/intro_rover_description/meshes/elbow_pitch_link.STL
-- Up-to-date symlink: /home/userdev/Software_Intro_Task_2026-2027/install/intro_rover_description/share/intro_rover_description/models/intro_rover_description/meshes/elbow_roll_link.STL
-- Up-to-date symlink: /home/userdev/Software_Intro_Task_2026-2027/install/intro_rover_description/share/intro_rover_description/models/intro_rover_description/meshes/fl_swerve_yaw_link.STL
-- Up-to-date symlink: /home/userdev/Software_Intro_Task_2026-2027/install/intro_rover_description/share/intro_rover_description/models/intro_rover_description/meshes/fl_wheel_link.STL
-- Up-to-date symlink: /home/userdev/Software_Intro_Task_2026-2027/install/intro_rover_description/share/intro_rover_description/models/intro_rover_description/meshes/fr_swerve_yaw_link.STL
-- Up-to-date symlink: /home/userdev/Software_Intro_Task_2026-2027/install/intro_rover_description/share/intro_rover_description/models/intro_rover_description/meshes/fr_wheel_link.STL
-- Up-to-date symlink: /home/userdev/Software_Intro_Task_2026-2027/install/intro_rover_description/share/intro_rover_description/models/intro_rover_description/meshes/shoulder_pitch_link.STL
-- Up-to-date symlink: /home/userdev/Software_Intro_Task_2026-2027/install/intro_rover_description/share/intro_rover_description/models/intro_rover_description/meshes/shoulder_yaw_link.STL
-- Up-to-date symlink: /home/userdev/Software_Intro_Task_2026-2027/install/intro_rover_description/share/intro_rover_description/models/intro_rover_description/meshes/wrist_pitch_link.STL
-- Up-to-date symlink: /home/userdev/Software_Intro_Task_2026-2027/install/intro_rover_description/share/intro_rover_description/models/intro_rover_description/meshes/wrist_roll_link.STL
-- Up-to-date symlink: /home/userdev/Software_Intro_Task_2026-2027/install/intro_rover_description/share/intro_rover_description/models/intro_rover_description/model.config
-- Up-to-date symlink: /home/userdev/Software_Intro_Task_2026-2027/install/intro_rover_description/share/ament_index/resource_index/package_run_dependencies/intro_rover_description
-- Up-to-date symlink: /home/userdev/Software_Intro_Task_2026-2027/install/intro_rover_description/share/ament_index/resource_index/parent_prefix_path/intro_rover_description
-- Up-to-date symlink: /home/userdev/Software_Intro_Task_2026-2027/install/intro_rover_description/share/intro_rover_description/environment/ament_prefix_path.sh
-- Up-to-date symlink: /home/userdev/Software_Intro_Task_2026-2027/install/intro_rover_description/share/intro_rover_description/environment/ament_prefix_path.dsv
-- Up-to-date symlink: /home/userdev/Software_Intro_Task_2026-2027/install/intro_rover_description/share/intro_rover_description/environment/path.sh
-- Up-to-date symlink: /home/userdev/Software_Intro_Task_2026-2027/install/intro_rover_description/share/intro_rover_description/environment/path.dsv
-- Up-to-date symlink: /home/userdev/Software_Intro_Task_2026-2027/install/intro_rover_description/share/intro_rover_description/local_setup.bash
-- Up-to-date symlink: /home/userdev/Software_Intro_Task_2026-2027/install/intro_rover_description/share/intro_rover_description/local_setup.sh
-- Up-to-date symlink: /home/userdev/Software_Intro_Task_2026-2027/install/intro_rover_description/share/intro_rover_description/local_setup.zsh
-- Up-to-date symlink: /home/userdev/Software_Intro_Task_2026-2027/install/intro_rover_description/share/intro_rover_description/local_setup.dsv
-- Symlinking: /home/userdev/Software_Intro_Task_2026-2027/install/intro_rover_description/share/intro_rover_description/package.dsv
-- Up-to-date symlink: /home/userdev/Software_Intro_Task_2026-2027/install/intro_rover_description/share/ament_index/resource_index/packages/intro_rover_description
-- Up-to-date symlink: /home/userdev/Software_Intro_Task_2026-2027/install/intro_rover_description/share/intro_rover_description/cmake/intro_rover_descriptionConfig.cmake
-- Up-to-date symlink: /home/userdev/Software_Intro_Task_2026-2027/install/intro_rover_description/share/intro_rover_description/cmake/intro_rover_descriptionConfig-version.cmake
-- Up-to-date symlink: /home/userdev/Software_Intro_Task_2026-2027/install/intro_rover_description/share/intro_rover_description/package.xml
