-- The C compiler identification is GNU 13.3.0
-- The CXX compiler identification is GNU 13.3.0
-- Detecting C compiler ABI info
-- Detecting C compiler ABI info - done
-- Check for working C compiler: /usr/bin/cc - skipped
-- Detecting C compile features
-- Detecting C compile features - done
-- Detecting CXX compiler ABI info
-- Detecting CXX compiler ABI info - done
-- Check for working CXX compiler: /usr/bin/c++ - skipped
-- Detecting CXX compile features
-- Detecting CXX compile features - done
-- Found ament_cmake: 2.5.6 (/opt/ros/jazzy/share/ament_cmake/cmake)
-- Found Python3: /usr/bin/python3 (found version "3.12.3") found components: Interpreter 
-- Override CMake install command with custom implementation using symlinks instead of copying resources
-- Found ament_lint_auto: 0.17.5 (/opt/ros/jazzy/share/ament_lint_auto/cmake)
-- Configuring done (4.5s)
-- Generating done (0.0s)
-- Build files have been written to: /home/userdev/Software_Intro_Task_2026-2027/build/intro_rover_description
-- Install configuration: ""
-- Execute custom install script
-- Symlinking: /home/userdev/Software_Intro_Task_2026-2027/install/intro_rover_description/share/intro_rover_description/urdf/intro_rover_description.urdf
-- Symlinking: /home/userdev/Software_Intro_Task_2026-2027/install/intro_rover_description/share/intro_rover_description/urdf/intro_rover_description_backup.urdf
-- Symlinking: /home/userdev/Software_Intro_Task_2026-2027/install/intro_rover_description/share/intro_rover_description/urdf/intro_rover_description_before_control.urdf
-- Symlinking: /home/userdev/Software_Intro_Task_2026-2027/install/intro_rover_description/share/intro_rover_description/meshes/base_link.STL
-- Symlinking: /home/userdev/Software_Intro_Task_2026-2027/install/intro_rover_description/share/intro_rover_description/meshes/bl_swerve_yaw_link.STL
-- Symlinking: /home/userdev/Software_Intro_Task_2026-2027/install/intro_rover_description/share/intro_rover_description/meshes/bl_wheel_link.STL
-- Symlinking: /home/userdev/Software_Intro_Task_2026-2027/install/intro_rover_description/share/intro_rover_description/meshes/br_swerve_yaw_link.STL
-- Symlinking: /home/userdev/Software_Intro_Task_2026-2027/install/intro_rover_description/share/intro_rover_description/meshes/br_wheel_link.STL
-- Symlinking: /home/userdev/Software_Intro_Task_2026-2027/install/intro_rover_description/share/intro_rover_description/meshes/elbow_pitch_link.STL
-- Symlinking: /home/userdev/Software_Intro_Task_2026-2027/install/intro_rover_description/share/intro_rover_description/meshes/elbow_roll_link.STL
-- Symlinking: /home/userdev/Software_Intro_Task_2026-2027/install/intro_rover_description/share/intro_rover_description/meshes/fl_swerve_yaw_link.STL
-- Symlinking: /home/userdev/Software_Intro_Task_2026-2027/install/intro_rover_description/share/intro_rover_description/meshes/fl_wheel_link.STL
-- Symlinking: /home/userdev/Software_Intro_Task_2026-2027/install/intro_rover_description/share/intro_rover_description/meshes/fr_swerve_yaw_link.STL
-- Symlinking: /home/userdev/Software_Intro_Task_2026-2027/install/intro_rover_description/share/intro_rover_description/meshes/fr_wheel_link.STL
-- Symlinking: /home/userdev/Software_Intro_Task_2026-2027/install/intro_rover_description/share/intro_rover_description/meshes/shoulder_pitch_link.STL
-- Symlinking: /home/userdev/Software_Intro_Task_2026-2027/install/intro_rover_description/share/intro_rover_description/meshes/shoulder_yaw_link.STL
-- Symlinking: /home/userdev/Software_Intro_Task_2026-2027/install/intro_rover_description/share/intro_rover_description/meshes/wrist_pitch_link.STL
-- Symlinking: /home/userdev/Software_Intro_Task_2026-2027/install/intro_rover_description/share/intro_rover_description/meshes/wrist_roll_link.STL
-- Symlinking: /home/userdev/Software_Intro_Task_2026-2027/install/intro_rover_description/share/intro_rover_description/launch/build/.built_by
-- Symlinking: /home/userdev/Software_Intro_Task_2026-2027/install/intro_rover_description/share/intro_rover_description/launch/build/COLCON_IGNORE
-- Symlinking: /home/userdev/Software_Intro_Task_2026-2027/install/intro_rover_description/share/intro_rover_description/launch/display.launch.py
-- Symlinking: /home/userdev/Software_Intro_Task_2026-2027/install/intro_rover_description/share/intro_rover_description/launch/gazebo.launch.py
-- Symlinking: /home/userdev/Software_Intro_Task_2026-2027/install/intro_rover_description/share/intro_rover_description/launch/install/.colcon_install_layout
-- Symlinking: /home/userdev/Software_Intro_Task_2026-2027/install/intro_rover_description/share/intro_rover_description/launch/install/COLCON_IGNORE
-- Symlinking: /home/userdev/Software_Intro_Task_2026-2027/install/intro_rover_description/share/intro_rover_description/launch/install/_local_setup_util_sh.py
-- Symlinking: /home/userdev/Software_Intro_Task_2026-2027/install/intro_rover_description/share/intro_rover_description/launch/install/local_setup.bash
-- Symlinking: /home/userdev/Software_Intro_Task_2026-2027/install/intro_rover_description/share/intro_rover_description/launch/install/local_setup.sh
-- Symlinking: /home/userdev/Software_Intro_Task_2026-2027/install/intro_rover_description/share/intro_rover_description/launch/install/local_setup.zsh
-- Symlinking: /home/userdev/Software_Intro_Task_2026-2027/install/intro_rover_description/share/intro_rover_description/launch/install/setup.bash
-- Symlinking: /home/userdev/Software_Intro_Task_2026-2027/install/intro_rover_description/share/intro_rover_description/launch/install/setup.sh
-- Symlinking: /home/userdev/Software_Intro_Task_2026-2027/install/intro_rover_description/share/intro_rover_description/launch/install/setup.zsh
-- Symlinking: /home/userdev/Software_Intro_Task_2026-2027/install/intro_rover_description/share/intro_rover_description/launch/log/COLCON_IGNORE
-- Symlinking: /home/userdev/Software_Intro_Task_2026-2027/install/intro_rover_description/share/intro_rover_description/launch/log/build_2026-09-26_16-10-49/events.log
-- Symlinking: /home/userdev/Software_Intro_Task_2026-2027/install/intro_rover_description/share/intro_rover_description/launch/log/build_2026-09-26_16-10-49/logger_all.log
-- Symlinking: /home/userdev/Software_Intro_Task_2026-2027/install/intro_rover_description/share/intro_rover_description/launch/log/latest/events.log
-- Symlinking: /home/userdev/Software_Intro_Task_2026-2027/install/intro_rover_description/share/intro_rover_description/launch/log/latest/logger_all.log
-- Symlinking: /home/userdev/Software_Intro_Task_2026-2027/install/intro_rover_description/share/intro_rover_description/launch/log/latest_build/events.log
-- Symlinking: /home/userdev/Software_Intro_Task_2026-2027/install/intro_rover_description/share/intro_rover_description/launch/log/latest_build/logger_all.log
-- Symlinking: /home/userdev/Software_Intro_Task_2026-2027/install/intro_rover_description/share/intro_rover_description/config/controllers.yaml
-- Up-to-date symlink: /home/userdev/Software_Intro_Task_2026-2027/install/intro_rover_description/share/intro_rover_description/meshes/base_link.STL
-- Up-to-date symlink: /home/userdev/Software_Intro_Task_2026-2027/install/intro_rover_description/share/intro_rover_description/meshes/bl_swerve_yaw_link.STL
-- Up-to-date symlink: /home/userdev/Software_Intro_Task_2026-2027/install/intro_rover_description/share/intro_rover_description/meshes/bl_wheel_link.STL
-- Up-to-date symlink: /home/userdev/Software_Intro_Task_2026-2027/install/intro_rover_description/share/intro_rover_description/meshes/br_swerve_yaw_link.STL
-- Up-to-date symlink: /home/userdev/Software_Intro_Task_2026-2027/install/intro_rover_description/share/intro_rover_description/meshes/br_wheel_link.STL
-- Up-to-date symlink: /home/userdev/Software_Intro_Task_2026-2027/install/intro_rover_description/share/intro_rover_description/meshes/elbow_pitch_link.STL
-- Up-to-date symlink: /home/userdev/Software_Intro_Task_2026-2027/install/intro_rover_description/share/intro_rover_description/meshes/elbow_roll_link.STL
-- Up-to-date symlink: /home/userdev/Software_Intro_Task_2026-2027/install/intro_rover_description/share/intro_rover_description/meshes/fl_swerve_yaw_link.STL
-- Up-to-date symlink: /home/userdev/Software_Intro_Task_2026-2027/install/intro_rover_description/share/intro_rover_description/meshes/fl_wheel_link.STL
-- Up-to-date symlink: /home/userdev/Software_Intro_Task_2026-2027/install/intro_rover_description/share/intro_rover_description/meshes/fr_swerve_yaw_link.STL
-- Up-to-date symlink: /home/userdev/Software_Intro_Task_2026-2027/install/intro_rover_description/share/intro_rover_description/meshes/fr_wheel_link.STL
-- Up-to-date symlink: /home/userdev/Software_Intro_Task_2026-2027/install/intro_rover_description/share/intro_rover_description/meshes/shoulder_pitch_link.STL
-- Up-to-date symlink: /home/userdev/Software_Intro_Task_2026-2027/install/intro_rover_description/share/intro_rover_description/meshes/shoulder_yaw_link.STL
-- Up-to-date symlink: /home/userdev/Software_Intro_Task_2026-2027/install/intro_rover_description/share/intro_rover_description/meshes/wrist_pitch_link.STL
-- Up-to-date symlink: /home/userdev/Software_Intro_Task_2026-2027/install/intro_rover_description/share/intro_rover_description/meshes/wrist_roll_link.STL
-- Symlinking: /home/userdev/Software_Intro_Task_2026-2027/install/intro_rover_description/share/intro_rover_description/models/intro_rover_description/meshes/base_link.STL
-- Symlinking: /home/userdev/Software_Intro_Task_2026-2027/install/intro_rover_description/share/intro_rover_description/models/intro_rover_description/meshes/bl_swerve_yaw_link.STL
-- Symlinking: /home/userdev/Software_Intro_Task_2026-2027/install/intro_rover_description/share/intro_rover_description/models/intro_rover_description/meshes/bl_wheel_link.STL
-- Symlinking: /home/userdev/Software_Intro_Task_2026-2027/install/intro_rover_description/share/intro_rover_description/models/intro_rover_description/meshes/br_swerve_yaw_link.STL
-- Symlinking: /home/userdev/Software_Intro_Task_2026-2027/install/intro_rover_description/share/intro_rover_description/models/intro_rover_description/meshes/br_wheel_link.STL
-- Symlinking: /home/userdev/Software_Intro_Task_2026-2027/install/intro_rover_description/share/intro_rover_description/models/intro_rover_description/meshes/elbow_pitch_link.STL
-- Symlinking: /home/userdev/Software_Intro_Task_2026-2027/install/intro_rover_description/share/intro_rover_description/models/intro_rover_description/meshes/elbow_roll_link.STL
-- Symlinking: /home/userdev/Software_Intro_Task_2026-2027/install/intro_rover_description/share/intro_rover_description/models/intro_rover_description/meshes/fl_swerve_yaw_link.STL
-- Symlinking: /home/userdev/Software_Intro_Task_2026-2027/install/intro_rover_description/share/intro_rover_description/models/intro_rover_description/meshes/fl_wheel_link.STL
-- Symlinking: /home/userdev/Software_Intro_Task_2026-2027/install/intro_rover_description/share/intro_rover_description/models/intro_rover_description/meshes/fr_swerve_yaw_link.STL
-- Symlinking: /home/userdev/Software_Intro_Task_2026-2027/install/intro_rover_description/share/intro_rover_description/models/intro_rover_description/meshes/fr_wheel_link.STL
-- Symlinking: /home/userdev/Software_Intro_Task_2026-2027/install/intro_rover_description/share/intro_rover_description/models/intro_rover_description/meshes/shoulder_pitch_link.STL
-- Symlinking: /home/userdev/Software_Intro_Task_2026-2027/install/intro_rover_description/share/intro_rover_description/models/intro_rover_description/meshes/shoulder_yaw_link.STL
-- Symlinking: /home/userdev/Software_Intro_Task_2026-2027/install/intro_rover_description/share/intro_rover_description/models/intro_rover_description/meshes/wrist_pitch_link.STL
-- Symlinking: /home/userdev/Software_Intro_Task_2026-2027/install/intro_rover_description/share/intro_rover_description/models/intro_rover_description/meshes/wrist_roll_link.STL
-- Symlinking: /home/userdev/Software_Intro_Task_2026-2027/install/intro_rover_description/share/intro_rover_description/models/intro_rover_description/model.config
-- Symlinking: /home/userdev/Software_Intro_Task_2026-2027/install/intro_rover_description/share/ament_index/resource_index/package_run_dependencies/intro_rover_description
-- Symlinking: /home/userdev/Software_Intro_Task_2026-2027/install/intro_rover_description/share/ament_index/resource_index/parent_prefix_path/intro_rover_description
-- Symlinking: /home/userdev/Software_Intro_Task_2026-2027/install/intro_rover_description/share/intro_rover_description/environment/ament_prefix_path.sh
-- Symlinking: /home/userdev/Software_Intro_Task_2026-2027/install/intro_rover_description/share/intro_rover_description/environment/ament_prefix_path.dsv
-- Symlinking: /home/userdev/Software_Intro_Task_2026-2027/install/intro_rover_description/share/intro_rover_description/environment/path.sh
-- Symlinking: /home/userdev/Software_Intro_Task_2026-2027/install/intro_rover_description/share/intro_rover_description/environment/path.dsv
-- Symlinking: /home/userdev/Software_Intro_Task_2026-2027/install/intro_rover_description/share/intro_rover_description/local_setup.bash
-- Symlinking: /home/userdev/Software_Intro_Task_2026-2027/install/intro_rover_description/share/intro_rover_description/local_setup.sh
-- Symlinking: /home/userdev/Software_Intro_Task_2026-2027/install/intro_rover_description/share/intro_rover_description/local_setup.zsh
-- Symlinking: /home/userdev/Software_Intro_Task_2026-2027/install/intro_rover_description/share/intro_rover_description/local_setup.dsv
-- Symlinking: /home/userdev/Software_Intro_Task_2026-2027/install/intro_rover_description/share/intro_rover_description/package.dsv
-- Symlinking: /home/userdev/Software_Intro_Task_2026-2027/install/intro_rover_description/share/ament_index/resource_index/packages/intro_rover_description
-- Symlinking: /home/userdev/Software_Intro_Task_2026-2027/install/intro_rover_description/share/intro_rover_description/cmake/intro_rover_descriptionConfig.cmake
-- Symlinking: /home/userdev/Software_Intro_Task_2026-2027/install/intro_rover_description/share/intro_rover_description/cmake/intro_rover_descriptionConfig-version.cmake
-- Symlinking: /home/userdev/Software_Intro_Task_2026-2027/install/intro_rover_description/share/intro_rover_description/package.xml
